06:28:50 **** Incremental Build of configuration _build_with_dbc for project Bluetooth_Viserion ****
make -j4 pre-build main-build 
sh ../pre_build.sh
Invoking: Cross ARM GNU Print Size
arm-none-eabi-size --format=berkeley "Bluetooth_Viserion.elf"
 
   text	   data	    bss	    dec	    hex	filename
  88736	    440	   1132	  90308	  160c4	Bluetooth_Viserion.elf
Finished building: Bluetooth_Viserion.siz
 
06:34:29 **** Incremental Build of configuration _build_with_dbc for project Bluetooth_Viserion ****
make -j4 pre-build main-build 
sh ../pre_build.sh
Invoking: Cross ARM GNU Print Size
arm-none-eabi-size --format=berkeley "Bluetooth_Viserion.elf"
 
   text	   data	    bss	    dec	    hex	filename
  88736	    440	   1132	  90308	  160c4	Bluetooth_Viserion.elf
Finished building: Bluetooth_Viserion.siz
 
06:36:22 **** Incremental Build of configuration _build_with_dbc for project Bluetooth_Viserion ****
make -j4 pre-build main-build 
sh ../pre_build.sh
Building file: ../L5_Application/periodic_scheduler/send_bluetooth_heartbeat.cpp
 
Invoking: Cross ARM C++ Compiler
arm-none-eabi-g++ -mcpu=cortex-m3 -mthumb -Os -fmessage-length=0 -ffunction-sections -fdata-sections -Wall -Wshadow -Wlogical-op -Wfloat-equal -DBUILD_CFG_MPU=0 -I"C:\SJSU\Viserion\BT_Viserion" -I"C:\SJSU\Viserion\BT_Viserion\newlib" -I"C:\SJSU\Viserion\BT_Viserion\L0_LowLevel" -I"C:\SJSU\Viserion\BT_Viserion\L1_FreeRTOS" -I"C:\SJSU\Viserion\BT_Viserion\L1_FreeRTOS\include" -I"C:\SJSU\Viserion\BT_Viserion\L1_FreeRTOS\portable" -I"C:\SJSU\Viserion\BT_Viserion\L1_FreeRTOS\portable\no_mpu" -I"C:\SJSU\Viserion\BT_Viserion\L2_Drivers" -I"C:\SJSU\Viserion\BT_Viserion\L2_Drivers\base" -I"C:\SJSU\Viserion\BT_Viserion\L3_Utils" -I"C:\SJSU\Viserion\BT_Viserion\L3_Utils\tlm" -I"C:\SJSU\Viserion\BT_Viserion\L4_IO" -I"C:\SJSU\Viserion\BT_Viserion\L4_IO\fat" -I"C:\SJSU\Viserion\BT_Viserion\L4_IO\wireless" -I"C:\SJSU\Viserion\BT_Viserion\L5_Application" -I"C:\SJSU\Viserion\BT_Viserion\_can_dbc" -std=gnu++11 -fabi-version=0 -fno-exceptions -MMD -MP -MF"L5_Application/periodic_scheduler/send_bluetooth_heartbeat.d" -MT"L5_Application/periodic_scheduler/send_bluetooth_heartbeat.o" -c -o "L5_Application/periodic_scheduler/send_bluetooth_heartbeat.o" "../L5_Application/periodic_scheduler/send_bluetooth_heartbeat.cpp"
../L5_Application/periodic_scheduler/send_bluetooth_heartbeat.cpp: In function 'void send_sensor_hartbeat()':
../L5_Application/periodic_scheduler/send_bluetooth_heartbeat.cpp:14:46: error: 'dbc_encode_and_send_HB_SENSORS' was not declared in this scope
     dbc_encode_and_send_HB_SENSORS(&sensor_hb);
                                              ^
make: *** [L5_Application/periodic_scheduler/send_bluetooth_heartbeat.o] Error 1
06:38:18 **** Incremental Build of configuration _build_with_dbc for project Bluetooth_Viserion ****
make -j4 pre-build main-build 
sh ../pre_build.sh
Building file: ../L5_Application/periodic_scheduler/send_bluetooth_heartbeat.cpp
 
Invoking: Cross ARM C++ Compiler
arm-none-eabi-g++ -mcpu=cortex-m3 -mthumb -Os -fmessage-length=0 -ffunction-sections -fdata-sections -Wall -Wshadow -Wlogical-op -Wfloat-equal -DBUILD_CFG_MPU=0 -I"C:\SJSU\Viserion\BT_Viserion" -I"C:\SJSU\Viserion\BT_Viserion\newlib" -I"C:\SJSU\Viserion\BT_Viserion\L0_LowLevel" -I"C:\SJSU\Viserion\BT_Viserion\L1_FreeRTOS" -I"C:\SJSU\Viserion\BT_Viserion\L1_FreeRTOS\include" -I"C:\SJSU\Viserion\BT_Viserion\L1_FreeRTOS\portable" -I"C:\SJSU\Viserion\BT_Viserion\L1_FreeRTOS\portable\no_mpu" -I"C:\SJSU\Viserion\BT_Viserion\L2_Drivers" -I"C:\SJSU\Viserion\BT_Viserion\L2_Drivers\base" -I"C:\SJSU\Viserion\BT_Viserion\L3_Utils" -I"C:\SJSU\Viserion\BT_Viserion\L3_Utils\tlm" -I"C:\SJSU\Viserion\BT_Viserion\L4_IO" -I"C:\SJSU\Viserion\BT_Viserion\L4_IO\fat" -I"C:\SJSU\Viserion\BT_Viserion\L4_IO\wireless" -I"C:\SJSU\Viserion\BT_Viserion\L5_Application" -I"C:\SJSU\Viserion\BT_Viserion\_can_dbc" -std=gnu++11 -fabi-version=0 -fno-exceptions -MMD -MP -MF"L5_Application/periodic_scheduler/send_bluetooth_heartbeat.d" -MT"L5_Application/periodic_scheduler/send_bluetooth_heartbeat.o" -c -o "L5_Application/periodic_scheduler/send_bluetooth_heartbeat.o" "../L5_Application/periodic_scheduler/send_bluetooth_heartbeat.cpp"
Finished building: ../L5_Application/periodic_scheduler/send_bluetooth_heartbeat.cpp
 
Building target: Bluetooth_Viserion.elf
Invoking: Cross ARM C++ Linker
arm-none-eabi-g++ -mcpu=cortex-m3 -mthumb -Os -fmessage-length=0 -ffunction-sections -fdata-sections -Wall -Wshadow -Wlogical-op -Wfloat-equal -T ../loader.ld -nostartfiles -Xlinker --gc-sections -Wl,-Map,"Bluetooth_Viserion.map" -specs=nano.specs -o "Bluetooth_Viserion.elf"  ./newlib/malloc_lock.o ./newlib/memory.o ./newlib/newlib_syscalls.o ./newlib/newlib_time.o  ./L5_Application/source/cmd_handlers/handlers.o ./L5_Application/source/cmd_handlers/prog_handlers.o ./L5_Application/source/cmd_handlers/wireless_handlers.o  ./L5_Application/source/high_level_init.o ./L5_Application/source/remote.o ./L5_Application/source/terminal.o  ./L5_Application/periodic_scheduler/period_callbacks.o ./L5_Application/periodic_scheduler/prd_monitor.o ./L5_Application/periodic_scheduler/send_bluetooth_heartbeat.o  ./L5_Application/examples/examples.o ./L5_Application/examples/rn_xv_task.o  ./L5_Application/main.o  ./L4_IO/wireless/src/mesh.o ./L4_IO/wireless/src/nrf24L01Plus.o ./L4_IO/wireless/src/wireless.o  ./L4_IO/src/gpio.o ./L4_IO/src/io_source.o ./L4_IO/src/storage.o  ./L4_IO/fat/option/ccsbcs.o ./L4_IO/fat/option/reentrant.o  ./L4_IO/fat/disk/diskio.o ./L4_IO/fat/disk/sd.o ./L4_IO/fat/disk/spi_flash.o  ./L4_IO/fat/fatfs_time.o ./L4_IO/fat/ff.o  ./L3_Utils/tlm/src/c_tlm_binary.o ./L3_Utils/tlm/src/c_tlm_comp.o ./L3_Utils/tlm/src/c_tlm_stream.o ./L3_Utils/tlm/src/c_tlm_var.o  ./L3_Utils/src/c_list.o ./L3_Utils/src/command_handler.o ./L3_Utils/src/file_logger.o ./L3_Utils/src/freertos_timer.o ./L3_Utils/src/printf_lib.o ./L3_Utils/src/rtc_alarm.o ./L3_Utils/src/scheduler_task.o ./L3_Utils/src/str.o ./L3_Utils/src/utilities.o  ./L2_Drivers/src/adc.o ./L2_Drivers/src/can.o ./L2_Drivers/src/eint.o ./L2_Drivers/src/i2c2.o ./L2_Drivers/src/lpc_pwm.o ./L2_Drivers/src/lpc_rit.o ./L2_Drivers/src/lpc_timers.o ./L2_Drivers/src/nrf_stream.o ./L2_Drivers/src/rtc.o ./L2_Drivers/src/spi_dma.o ./L2_Drivers/src/spi_sem.o ./L2_Drivers/src/uart0.o ./L2_Drivers/src/uart2.o ./L2_Drivers/src/uart3.o  ./L2_Drivers/base/char_dev.o ./L2_Drivers/base/i2c_base.o ./L2_Drivers/base/uart_dev.o  ./L1_FreeRTOS/trace/run_time_counter.o ./L1_FreeRTOS/trace/trcBase.o ./L1_FreeRTOS/trace/trcHardwarePort.o ./L1_FreeRTOS/trace/trcKernel.o ./L1_FreeRTOS/trace/trcKernelPort.o ./L1_FreeRTOS/trace/trcUser.o  ./L1_FreeRTOS/src/croutine.o ./L1_FreeRTOS/src/event_groups.o ./L1_FreeRTOS/src/list.o ./L1_FreeRTOS/src/queue.o ./L1_FreeRTOS/src/tasks.o ./L1_FreeRTOS/src/timers.o  ./L1_FreeRTOS/portable/no_mpu/port.o  ./L1_FreeRTOS/portable/run_time_stats.o  ./L1_FreeRTOS/hooks/hooks.o  ./L1_FreeRTOS/MemMang/freertos_mem_man.o  ./L0_LowLevel/source/core_cm3.o ./L0_LowLevel/source/low_level_init.o ./L0_LowLevel/source/lpc_peripherals.o ./L0_LowLevel/source/lpc_sys.o ./L0_LowLevel/source/startup.o ./L0_LowLevel/source/sys_clock.o ./L0_LowLevel/source/uart0_min.o   
Finished building target: Bluetooth_Viserion.elf
 
make --no-print-directory post-build
Create binary file
arm-none-eabi-objcopy -O binary Bluetooth_Viserion.elf Bluetooth_Viserion.bin
 
Invoking: Cross ARM GNU Create Flash Image
arm-none-eabi-objcopy -O ihex "Bluetooth_Viserion.elf"  "Bluetooth_Viserion.hex"
Invoking: Cross ARM GNU Create Listing
arm-none-eabi-objdump --source --all-headers --demangle --line-numbers --wide "Bluetooth_Viserion.elf" > "Bluetooth_Viserion.lst"
Invoking: Cross ARM GNU Print Size
arm-none-eabi-size --format=berkeley "Bluetooth_Viserion.elf"
   text	   data	    bss	    dec	    hex	filename
  88736	    440	   1132	  90308	  160c4	Bluetooth_Viserion.elf
Finished building: Bluetooth_Viserion.hex
Finished building: Bluetooth_Viserion.siz
 
 
Finished building: Bluetooth_Viserion.lst
 
06:45:40 **** Incremental Build of configuration _build_with_dbc for project Bluetooth_Viserion ****
make -j4 pre-build main-build 
sh ../pre_build.sh
Building file: ../L5_Application/periodic_scheduler/receive_heartbeats.cpp
Building file: ../L5_Application/periodic_scheduler/send_bluetooth_heartbeat.cpp
 
Invoking: Cross ARM C++ Compiler
arm-none-eabi-g++ -mcpu=cortex-m3 -mthumb -Os -fmessage-length=0 -ffunction-sections -fdata-sections -Wall -Wshadow -Wlogical-op -Wfloat-equal -DBUILD_CFG_MPU=0 -I"C:\SJSU\Viserion\BT_Viserion" -I"C:\SJSU\Viserion\BT_Viserion\newlib" -I"C:\SJSU\Viserion\BT_Viserion\L0_LowLevel" -I"C:\SJSU\Viserion\BT_Viserion\L1_FreeRTOS" -I"C:\SJSU\Viserion\BT_Viserion\L1_FreeRTOS\include" -I"C:\SJSU\Viserion\BT_Viserion\L1_FreeRTOS\portable" -I"C:\SJSU\Viserion\BT_Viserion\L1_FreeRTOS\portable\no_mpu" -I"C:\SJSU\Viserion\BT_Viserion\L2_Drivers" -I"C:\SJSU\Viserion\BT_Viserion\L2_Drivers\base" -I"C:\SJSU\Viserion\BT_Viserion\L3_Utils" -I"C:\SJSU\Viserion\BT_Viserion\L3_Utils\tlm" -I"C:\SJSU\Viserion\BT_Viserion\L4_IO" -I"C:\SJSU\Viserion\BT_Viserion\L4_IO\fat" -I"C:\SJSU\Viserion\BT_Viserion\L4_IO\wireless" -I"C:\SJSU\Viserion\BT_Viserion\L5_Application" -I"C:\SJSU\Viserion\BT_Viserion\_can_dbc" -std=gnu++11 -fabi-version=0 -fno-exceptions -MMD -MP -MF"L5_Application/periodic_scheduler/receive_heartbeats.d" -MT"L5_Application/periodic_scheduler/receive_heartbeats.o" -c -o "L5_Application/periodic_scheduler/receive_heartbeats.o" "../L5_Application/periodic_scheduler/receive_heartbeats.cpp"
Invoking: Cross ARM C++ Compiler
arm-none-eabi-g++ -mcpu=cortex-m3 -mthumb -Os -fmessage-length=0 -ffunction-sections -fdata-sections -Wall -Wshadow -Wlogical-op -Wfloat-equal -DBUILD_CFG_MPU=0 -I"C:\SJSU\Viserion\BT_Viserion" -I"C:\SJSU\Viserion\BT_Viserion\newlib" -I"C:\SJSU\Viserion\BT_Viserion\L0_LowLevel" -I"C:\SJSU\Viserion\BT_Viserion\L1_FreeRTOS" -I"C:\SJSU\Viserion\BT_Viserion\L1_FreeRTOS\include" -I"C:\SJSU\Viserion\BT_Viserion\L1_FreeRTOS\portable" -I"C:\SJSU\Viserion\BT_Viserion\L1_FreeRTOS\portable\no_mpu" -I"C:\SJSU\Viserion\BT_Viserion\L2_Drivers" -I"C:\SJSU\Viserion\BT_Viserion\L2_Drivers\base" -I"C:\SJSU\Viserion\BT_Viserion\L3_Utils" -I"C:\SJSU\Viserion\BT_Viserion\L3_Utils\tlm" -I"C:\SJSU\Viserion\BT_Viserion\L4_IO" -I"C:\SJSU\Viserion\BT_Viserion\L4_IO\fat" -I"C:\SJSU\Viserion\BT_Viserion\L4_IO\wireless" -I"C:\SJSU\Viserion\BT_Viserion\L5_Application" -I"C:\SJSU\Viserion\BT_Viserion\_can_dbc" -std=gnu++11 -fabi-version=0 -fno-exceptions -MMD -MP -MF"L5_Application/periodic_scheduler/send_bluetooth_heartbeat.d" -MT"L5_Application/periodic_scheduler/send_bluetooth_heartbeat.o" -c -o "L5_Application/periodic_scheduler/send_bluetooth_heartbeat.o" "../L5_Application/periodic_scheduler/send_bluetooth_heartbeat.cpp"
../L5_Application/periodic_scheduler/receive_heartbeats.cpp:17:77: warning: large integer implicitly truncated to unsigned type [-Woverflow]
 const HB_GEO_t                             HB_GEO__MIA_MSG = {.GEO_ALIVE = 2};
                                                                             ^
../L5_Application/periodic_scheduler/receive_heartbeats.cpp:19:7: error: 'HB_SENSOR_t' does not name a type
 const HB_SENSOR_t                              HB_SENSOR__MIA_MSG = {.SENSOR_ALIVE = 3};
       ^
../L5_Application/periodic_scheduler/receive_heartbeats.cpp:21:83: warning: large integer implicitly truncated to unsigned type [-Woverflow]
 const HB_MASTER_t                          HB_MASTER__MIA_MSG = {.MASTER_ALIVE = 4};
                                                                                   ^
../L5_Application/periodic_scheduler/receive_heartbeats.cpp: In function 'void receive_heartbeats()':
../L5_Application/periodic_scheduler/receive_heartbeats.cpp:58:75: error: 'dbc_decode_HB_BT' was not declared in this scope
                 dbc_decode_HB_BT(&bt_msg, can_msg.data.bytes, &can_msg_hdr);
                                                                           ^
../L5_Application/periodic_scheduler/receive_heartbeats.cpp:77:41: error: 'dbc_handle_mia_HB_BT' was not declared in this scope
     if(dbc_handle_mia_HB_BT(&bt_msg, 100))
                                         ^
make: *** [L5_Application/periodic_scheduler/receive_heartbeats.o] Error 1
make: *** Waiting for unfinished jobs....
Finished building: ../L5_Application/periodic_scheduler/send_bluetooth_heartbeat.cpp
 
06:57:49 **** Incremental Build of configuration _build_with_dbc for project Bluetooth_Viserion ****
make -j4 pre-build main-build 
sh ../pre_build.sh
Building file: ../L5_Application/periodic_scheduler/receive_heartbeats.cpp
Building file: ../L5_Application/periodic_scheduler/send_bluetooth_heartbeat.cpp
 
Invoking: Cross ARM C++ Compiler
arm-none-eabi-g++ -mcpu=cortex-m3 -mthumb -Os -fmessage-length=0 -ffunction-sections -fdata-sections -Wall -Wshadow -Wlogical-op -Wfloat-equal -DBUILD_CFG_MPU=0 -I"C:\SJSU\Viserion\BT_Viserion" -I"C:\SJSU\Viserion\BT_Viserion\newlib" -I"C:\SJSU\Viserion\BT_Viserion\L0_LowLevel" -I"C:\SJSU\Viserion\BT_Viserion\L1_FreeRTOS" -I"C:\SJSU\Viserion\BT_Viserion\L1_FreeRTOS\include" -I"C:\SJSU\Viserion\BT_Viserion\L1_FreeRTOS\portable" -I"C:\SJSU\Viserion\BT_Viserion\L1_FreeRTOS\portable\no_mpu" -I"C:\SJSU\Viserion\BT_Viserion\L2_Drivers" -I"C:\SJSU\Viserion\BT_Viserion\L2_Drivers\base" -I"C:\SJSU\Viserion\BT_Viserion\L3_Utils" -I"C:\SJSU\Viserion\BT_Viserion\L3_Utils\tlm" -I"C:\SJSU\Viserion\BT_Viserion\L4_IO" -I"C:\SJSU\Viserion\BT_Viserion\L4_IO\fat" -I"C:\SJSU\Viserion\BT_Viserion\L4_IO\wireless" -I"C:\SJSU\Viserion\BT_Viserion\L5_Application" -I"C:\SJSU\Viserion\BT_Viserion\_can_dbc" -std=gnu++11 -fabi-version=0 -fno-exceptions -MMD -MP -MF"L5_Application/periodic_scheduler/receive_heartbeats.d" -MT"L5_Application/periodic_scheduler/receive_heartbeats.o" -c -o "L5_Application/periodic_scheduler/receive_heartbeats.o" "../L5_Application/periodic_scheduler/receive_heartbeats.cpp"
Invoking: Cross ARM C++ Compiler
arm-none-eabi-g++ -mcpu=cortex-m3 -mthumb -Os -fmessage-length=0 -ffunction-sections -fdata-sections -Wall -Wshadow -Wlogical-op -Wfloat-equal -DBUILD_CFG_MPU=0 -I"C:\SJSU\Viserion\BT_Viserion" -I"C:\SJSU\Viserion\BT_Viserion\newlib" -I"C:\SJSU\Viserion\BT_Viserion\L0_LowLevel" -I"C:\SJSU\Viserion\BT_Viserion\L1_FreeRTOS" -I"C:\SJSU\Viserion\BT_Viserion\L1_FreeRTOS\include" -I"C:\SJSU\Viserion\BT_Viserion\L1_FreeRTOS\portable" -I"C:\SJSU\Viserion\BT_Viserion\L1_FreeRTOS\portable\no_mpu" -I"C:\SJSU\Viserion\BT_Viserion\L2_Drivers" -I"C:\SJSU\Viserion\BT_Viserion\L2_Drivers\base" -I"C:\SJSU\Viserion\BT_Viserion\L3_Utils" -I"C:\SJSU\Viserion\BT_Viserion\L3_Utils\tlm" -I"C:\SJSU\Viserion\BT_Viserion\L4_IO" -I"C:\SJSU\Viserion\BT_Viserion\L4_IO\fat" -I"C:\SJSU\Viserion\BT_Viserion\L4_IO\wireless" -I"C:\SJSU\Viserion\BT_Viserion\L5_Application" -I"C:\SJSU\Viserion\BT_Viserion\_can_dbc" -std=gnu++11 -fabi-version=0 -fno-exceptions -MMD -MP -MF"L5_Application/periodic_scheduler/send_bluetooth_heartbeat.d" -MT"L5_Application/periodic_scheduler/send_bluetooth_heartbeat.o" -c -o "L5_Application/periodic_scheduler/send_bluetooth_heartbeat.o" "../L5_Application/periodic_scheduler/send_bluetooth_heartbeat.cpp"
../L5_Application/periodic_scheduler/receive_heartbeats.cpp: In function 'void receive_heartbeats()':
../L5_Application/periodic_scheduler/receive_heartbeats.cpp:70:75: error: 'dbc_decode_HB_BT' was not declared in this scope
                 dbc_decode_HB_BT(&bt_msg, can_msg.data.bytes, &can_msg_hdr);
                                                                           ^
../L5_Application/periodic_scheduler/receive_heartbeats.cpp:89:41: error: 'dbc_handle_mia_HB_BT' was not declared in this scope
     if(dbc_handle_mia_HB_BT(&bt_msg, 100))
                                         ^
make: *** [L5_Application/periodic_scheduler/receive_heartbeats.o] Error 1
make: *** Waiting for unfinished jobs....
Finished building: ../L5_Application/periodic_scheduler/send_bluetooth_heartbeat.cpp
 
06:58:31 **** Incremental Build of configuration _build_with_dbc for project Bluetooth_Viserion ****
make -j4 pre-build main-build 
sh ../pre_build.sh
Building file: ../L5_Application/periodic_scheduler/receive_heartbeats.cpp
Building file: ../L5_Application/periodic_scheduler/send_bluetooth_heartbeat.cpp
 
Invoking: Cross ARM C++ Compiler
arm-none-eabi-g++ -mcpu=cortex-m3 -mthumb -Os -fmessage-length=0 -ffunction-sections -fdata-sections -Wall -Wshadow -Wlogical-op -Wfloat-equal -DBUILD_CFG_MPU=0 -I"C:\SJSU\Viserion\BT_Viserion" -I"C:\SJSU\Viserion\BT_Viserion\newlib" -I"C:\SJSU\Viserion\BT_Viserion\L0_LowLevel" -I"C:\SJSU\Viserion\BT_Viserion\L1_FreeRTOS" -I"C:\SJSU\Viserion\BT_Viserion\L1_FreeRTOS\include" -I"C:\SJSU\Viserion\BT_Viserion\L1_FreeRTOS\portable" -I"C:\SJSU\Viserion\BT_Viserion\L1_FreeRTOS\portable\no_mpu" -I"C:\SJSU\Viserion\BT_Viserion\L2_Drivers" -I"C:\SJSU\Viserion\BT_Viserion\L2_Drivers\base" -I"C:\SJSU\Viserion\BT_Viserion\L3_Utils" -I"C:\SJSU\Viserion\BT_Viserion\L3_Utils\tlm" -I"C:\SJSU\Viserion\BT_Viserion\L4_IO" -I"C:\SJSU\Viserion\BT_Viserion\L4_IO\fat" -I"C:\SJSU\Viserion\BT_Viserion\L4_IO\wireless" -I"C:\SJSU\Viserion\BT_Viserion\L5_Application" -I"C:\SJSU\Viserion\BT_Viserion\_can_dbc" -std=gnu++11 -fabi-version=0 -fno-exceptions -MMD -MP -MF"L5_Application/periodic_scheduler/receive_heartbeats.d" -MT"L5_Application/periodic_scheduler/receive_heartbeats.o" -c -o "L5_Application/periodic_scheduler/receive_heartbeats.o" "../L5_Application/periodic_scheduler/receive_heartbeats.cpp"
Invoking: Cross ARM C++ Compiler
arm-none-eabi-g++ -mcpu=cortex-m3 -mthumb -Os -fmessage-length=0 -ffunction-sections -fdata-sections -Wall -Wshadow -Wlogical-op -Wfloat-equal -DBUILD_CFG_MPU=0 -I"C:\SJSU\Viserion\BT_Viserion" -I"C:\SJSU\Viserion\BT_Viserion\newlib" -I"C:\SJSU\Viserion\BT_Viserion\L0_LowLevel" -I"C:\SJSU\Viserion\BT_Viserion\L1_FreeRTOS" -I"C:\SJSU\Viserion\BT_Viserion\L1_FreeRTOS\include" -I"C:\SJSU\Viserion\BT_Viserion\L1_FreeRTOS\portable" -I"C:\SJSU\Viserion\BT_Viserion\L1_FreeRTOS\portable\no_mpu" -I"C:\SJSU\Viserion\BT_Viserion\L2_Drivers" -I"C:\SJSU\Viserion\BT_Viserion\L2_Drivers\base" -I"C:\SJSU\Viserion\BT_Viserion\L3_Utils" -I"C:\SJSU\Viserion\BT_Viserion\L3_Utils\tlm" -I"C:\SJSU\Viserion\BT_Viserion\L4_IO" -I"C:\SJSU\Viserion\BT_Viserion\L4_IO\fat" -I"C:\SJSU\Viserion\BT_Viserion\L4_IO\wireless" -I"C:\SJSU\Viserion\BT_Viserion\L5_Application" -I"C:\SJSU\Viserion\BT_Viserion\_can_dbc" -std=gnu++11 -fabi-version=0 -fno-exceptions -MMD -MP -MF"L5_Application/periodic_scheduler/send_bluetooth_heartbeat.d" -MT"L5_Application/periodic_scheduler/send_bluetooth_heartbeat.o" -c -o "L5_Application/periodic_scheduler/send_bluetooth_heartbeat.o" "../L5_Application/periodic_scheduler/send_bluetooth_heartbeat.cpp"
../L5_Application/periodic_scheduler/receive_heartbeats.cpp: In function 'void receive_heartbeats()':
../L5_Application/periodic_scheduler/receive_heartbeats.cpp:70:80: error: cannot convert 'HB_BT_t*' to 'HB_SENSORS_t*' for argument '1' to 'bool dbc_decode_HB_SENSORS(HB_SENSORS_t*, const uint8_t*, const dbc_msg_hdr_t*)'
                 dbc_decode_HB_SENSORS(&bt_msg, can_msg.data.bytes, &can_msg_hdr);
                                                                                ^
../L5_Application/periodic_scheduler/receive_heartbeats.cpp:89:41: error: 'dbc_handle_mia_HB_BT' was not declared in this scope
     if(dbc_handle_mia_HB_BT(&bt_msg, 100))
                                         ^
make: *** [L5_Application/periodic_scheduler/receive_heartbeats.o] Error 1
make: *** Waiting for unfinished jobs....
Finished building: ../L5_Application/periodic_scheduler/send_bluetooth_heartbeat.cpp
 
07:00:14 **** Incremental Build of configuration _build_with_dbc for project Bluetooth_Viserion ****
make -j4 pre-build main-build 
sh ../pre_build.sh
Building file: ../L5_Application/periodic_scheduler/receive_heartbeats.cpp
Building file: ../L5_Application/periodic_scheduler/send_bluetooth_heartbeat.cpp
 
Invoking: Cross ARM C++ Compiler
arm-none-eabi-g++ -mcpu=cortex-m3 -mthumb -Os -fmessage-length=0 -ffunction-sections -fdata-sections -Wall -Wshadow -Wlogical-op -Wfloat-equal -DBUILD_CFG_MPU=0 -I"C:\SJSU\Viserion\BT_Viserion" -I"C:\SJSU\Viserion\BT_Viserion\newlib" -I"C:\SJSU\Viserion\BT_Viserion\L0_LowLevel" -I"C:\SJSU\Viserion\BT_Viserion\L1_FreeRTOS" -I"C:\SJSU\Viserion\BT_Viserion\L1_FreeRTOS\include" -I"C:\SJSU\Viserion\BT_Viserion\L1_FreeRTOS\portable" -I"C:\SJSU\Viserion\BT_Viserion\L1_FreeRTOS\portable\no_mpu" -I"C:\SJSU\Viserion\BT_Viserion\L2_Drivers" -I"C:\SJSU\Viserion\BT_Viserion\L2_Drivers\base" -I"C:\SJSU\Viserion\BT_Viserion\L3_Utils" -I"C:\SJSU\Viserion\BT_Viserion\L3_Utils\tlm" -I"C:\SJSU\Viserion\BT_Viserion\L4_IO" -I"C:\SJSU\Viserion\BT_Viserion\L4_IO\fat" -I"C:\SJSU\Viserion\BT_Viserion\L4_IO\wireless" -I"C:\SJSU\Viserion\BT_Viserion\L5_Application" -I"C:\SJSU\Viserion\BT_Viserion\_can_dbc" -std=gnu++11 -fabi-version=0 -fno-exceptions -MMD -MP -MF"L5_Application/periodic_scheduler/receive_heartbeats.d" -MT"L5_Application/periodic_scheduler/receive_heartbeats.o" -c -o "L5_Application/periodic_scheduler/receive_heartbeats.o" "../L5_Application/periodic_scheduler/receive_heartbeats.cpp"
Invoking: Cross ARM C++ Compiler
arm-none-eabi-g++ -mcpu=cortex-m3 -mthumb -Os -fmessage-length=0 -ffunction-sections -fdata-sections -Wall -Wshadow -Wlogical-op -Wfloat-equal -DBUILD_CFG_MPU=0 -I"C:\SJSU\Viserion\BT_Viserion" -I"C:\SJSU\Viserion\BT_Viserion\newlib" -I"C:\SJSU\Viserion\BT_Viserion\L0_LowLevel" -I"C:\SJSU\Viserion\BT_Viserion\L1_FreeRTOS" -I"C:\SJSU\Viserion\BT_Viserion\L1_FreeRTOS\include" -I"C:\SJSU\Viserion\BT_Viserion\L1_FreeRTOS\portable" -I"C:\SJSU\Viserion\BT_Viserion\L1_FreeRTOS\portable\no_mpu" -I"C:\SJSU\Viserion\BT_Viserion\L2_Drivers" -I"C:\SJSU\Viserion\BT_Viserion\L2_Drivers\base" -I"C:\SJSU\Viserion\BT_Viserion\L3_Utils" -I"C:\SJSU\Viserion\BT_Viserion\L3_Utils\tlm" -I"C:\SJSU\Viserion\BT_Viserion\L4_IO" -I"C:\SJSU\Viserion\BT_Viserion\L4_IO\fat" -I"C:\SJSU\Viserion\BT_Viserion\L4_IO\wireless" -I"C:\SJSU\Viserion\BT_Viserion\L5_Application" -I"C:\SJSU\Viserion\BT_Viserion\_can_dbc" -std=gnu++11 -fabi-version=0 -fno-exceptions -MMD -MP -MF"L5_Application/periodic_scheduler/send_bluetooth_heartbeat.d" -MT"L5_Application/periodic_scheduler/send_bluetooth_heartbeat.o" -c -o "L5_Application/periodic_scheduler/send_bluetooth_heartbeat.o" "../L5_Application/periodic_scheduler/send_bluetooth_heartbeat.cpp"
../L5_Application/periodic_scheduler/receive_heartbeats.cpp: In function 'void receive_heartbeats()':
../L5_Application/periodic_scheduler/receive_heartbeats.cpp:70:40: error: 'bt_msg' was not declared in this scope
                 dbc_decode_HB_SENSORS(&bt_msg, can_msg.data.bytes, &can_msg_hdr);
                                        ^
../L5_Application/periodic_scheduler/receive_heartbeats.cpp:89:30: error: 'bt_msg' was not declared in this scope
     if(dbc_handle_mia_HB_BT(&bt_msg, 100))
                              ^
../L5_Application/periodic_scheduler/receive_heartbeats.cpp:89:41: error: 'dbc_handle_mia_HB_BT' was not declared in this scope
     if(dbc_handle_mia_HB_BT(&bt_msg, 100))
                                         ^
make: *** [L5_Application/periodic_scheduler/receive_heartbeats.o] Error 1
make: *** Waiting for unfinished jobs....
Finished building: ../L5_Application/periodic_scheduler/send_bluetooth_heartbeat.cpp
 
07:02:13 **** Incremental Build of configuration _build_with_dbc for project Bluetooth_Viserion ****
make -j4 pre-build main-build 
sh ../pre_build.sh
Building file: ../L5_Application/periodic_scheduler/receive_heartbeats.cpp
Building file: ../L5_Application/periodic_scheduler/send_bluetooth_heartbeat.cpp
 
Invoking: Cross ARM C++ Compiler
arm-none-eabi-g++ -mcpu=cortex-m3 -mthumb -Os -fmessage-length=0 -ffunction-sections -fdata-sections -Wall -Wshadow -Wlogical-op -Wfloat-equal -DBUILD_CFG_MPU=0 -I"C:\SJSU\Viserion\BT_Viserion" -I"C:\SJSU\Viserion\BT_Viserion\newlib" -I"C:\SJSU\Viserion\BT_Viserion\L0_LowLevel" -I"C:\SJSU\Viserion\BT_Viserion\L1_FreeRTOS" -I"C:\SJSU\Viserion\BT_Viserion\L1_FreeRTOS\include" -I"C:\SJSU\Viserion\BT_Viserion\L1_FreeRTOS\portable" -I"C:\SJSU\Viserion\BT_Viserion\L1_FreeRTOS\portable\no_mpu" -I"C:\SJSU\Viserion\BT_Viserion\L2_Drivers" -I"C:\SJSU\Viserion\BT_Viserion\L2_Drivers\base" -I"C:\SJSU\Viserion\BT_Viserion\L3_Utils" -I"C:\SJSU\Viserion\BT_Viserion\L3_Utils\tlm" -I"C:\SJSU\Viserion\BT_Viserion\L4_IO" -I"C:\SJSU\Viserion\BT_Viserion\L4_IO\fat" -I"C:\SJSU\Viserion\BT_Viserion\L4_IO\wireless" -I"C:\SJSU\Viserion\BT_Viserion\L5_Application" -I"C:\SJSU\Viserion\BT_Viserion\_can_dbc" -std=gnu++11 -fabi-version=0 -fno-exceptions -MMD -MP -MF"L5_Application/periodic_scheduler/receive_heartbeats.d" -MT"L5_Application/periodic_scheduler/receive_heartbeats.o" -c -o "L5_Application/periodic_scheduler/receive_heartbeats.o" "../L5_Application/periodic_scheduler/receive_heartbeats.cpp"
Invoking: Cross ARM C++ Compiler
arm-none-eabi-g++ -mcpu=cortex-m3 -mthumb -Os -fmessage-length=0 -ffunction-sections -fdata-sections -Wall -Wshadow -Wlogical-op -Wfloat-equal -DBUILD_CFG_MPU=0 -I"C:\SJSU\Viserion\BT_Viserion" -I"C:\SJSU\Viserion\BT_Viserion\newlib" -I"C:\SJSU\Viserion\BT_Viserion\L0_LowLevel" -I"C:\SJSU\Viserion\BT_Viserion\L1_FreeRTOS" -I"C:\SJSU\Viserion\BT_Viserion\L1_FreeRTOS\include" -I"C:\SJSU\Viserion\BT_Viserion\L1_FreeRTOS\portable" -I"C:\SJSU\Viserion\BT_Viserion\L1_FreeRTOS\portable\no_mpu" -I"C:\SJSU\Viserion\BT_Viserion\L2_Drivers" -I"C:\SJSU\Viserion\BT_Viserion\L2_Drivers\base" -I"C:\SJSU\Viserion\BT_Viserion\L3_Utils" -I"C:\SJSU\Viserion\BT_Viserion\L3_Utils\tlm" -I"C:\SJSU\Viserion\BT_Viserion\L4_IO" -I"C:\SJSU\Viserion\BT_Viserion\L4_IO\fat" -I"C:\SJSU\Viserion\BT_Viserion\L4_IO\wireless" -I"C:\SJSU\Viserion\BT_Viserion\L5_Application" -I"C:\SJSU\Viserion\BT_Viserion\_can_dbc" -std=gnu++11 -fabi-version=0 -fno-exceptions -MMD -MP -MF"L5_Application/periodic_scheduler/send_bluetooth_heartbeat.d" -MT"L5_Application/periodic_scheduler/send_bluetooth_heartbeat.o" -c -o "L5_Application/periodic_scheduler/send_bluetooth_heartbeat.o" "../L5_Application/periodic_scheduler/send_bluetooth_heartbeat.cpp"
../L5_Application/periodic_scheduler/receive_heartbeats.cpp: In function 'void receive_heartbeats()':
../L5_Application/periodic_scheduler/receive_heartbeats.cpp:89:46: error: 'dbc_handle_mia_HB_BT' was not declared in this scope
     if(dbc_handle_mia_HB_BT(&sensors_msg, 100))
                                              ^
make: *** [L5_Application/periodic_scheduler/receive_heartbeats.o] Error 1
make: *** Waiting for unfinished jobs....
Finished building: ../L5_Application/periodic_scheduler/send_bluetooth_heartbeat.cpp
 
07:02:33 **** Incremental Build of configuration _build_with_dbc for project Bluetooth_Viserion ****
make -j4 pre-build main-build 
sh ../pre_build.sh
Building file: ../L5_Application/periodic_scheduler/receive_heartbeats.cpp
Building file: ../L5_Application/periodic_scheduler/send_bluetooth_heartbeat.cpp
 
Invoking: Cross ARM C++ Compiler
arm-none-eabi-g++ -mcpu=cortex-m3 -mthumb -Os -fmessage-length=0 -ffunction-sections -fdata-sections -Wall -Wshadow -Wlogical-op -Wfloat-equal -DBUILD_CFG_MPU=0 -I"C:\SJSU\Viserion\BT_Viserion" -I"C:\SJSU\Viserion\BT_Viserion\newlib" -I"C:\SJSU\Viserion\BT_Viserion\L0_LowLevel" -I"C:\SJSU\Viserion\BT_Viserion\L1_FreeRTOS" -I"C:\SJSU\Viserion\BT_Viserion\L1_FreeRTOS\include" -I"C:\SJSU\Viserion\BT_Viserion\L1_FreeRTOS\portable" -I"C:\SJSU\Viserion\BT_Viserion\L1_FreeRTOS\portable\no_mpu" -I"C:\SJSU\Viserion\BT_Viserion\L2_Drivers" -I"C:\SJSU\Viserion\BT_Viserion\L2_Drivers\base" -I"C:\SJSU\Viserion\BT_Viserion\L3_Utils" -I"C:\SJSU\Viserion\BT_Viserion\L3_Utils\tlm" -I"C:\SJSU\Viserion\BT_Viserion\L4_IO" -I"C:\SJSU\Viserion\BT_Viserion\L4_IO\fat" -I"C:\SJSU\Viserion\BT_Viserion\L4_IO\wireless" -I"C:\SJSU\Viserion\BT_Viserion\L5_Application" -I"C:\SJSU\Viserion\BT_Viserion\_can_dbc" -std=gnu++11 -fabi-version=0 -fno-exceptions -MMD -MP -MF"L5_Application/periodic_scheduler/receive_heartbeats.d" -MT"L5_Application/periodic_scheduler/receive_heartbeats.o" -c -o "L5_Application/periodic_scheduler/receive_heartbeats.o" "../L5_Application/periodic_scheduler/receive_heartbeats.cpp"
Invoking: Cross ARM C++ Compiler
arm-none-eabi-g++ -mcpu=cortex-m3 -mthumb -Os -fmessage-length=0 -ffunction-sections -fdata-sections -Wall -Wshadow -Wlogical-op -Wfloat-equal -DBUILD_CFG_MPU=0 -I"C:\SJSU\Viserion\BT_Viserion" -I"C:\SJSU\Viserion\BT_Viserion\newlib" -I"C:\SJSU\Viserion\BT_Viserion\L0_LowLevel" -I"C:\SJSU\Viserion\BT_Viserion\L1_FreeRTOS" -I"C:\SJSU\Viserion\BT_Viserion\L1_FreeRTOS\include" -I"C:\SJSU\Viserion\BT_Viserion\L1_FreeRTOS\portable" -I"C:\SJSU\Viserion\BT_Viserion\L1_FreeRTOS\portable\no_mpu" -I"C:\SJSU\Viserion\BT_Viserion\L2_Drivers" -I"C:\SJSU\Viserion\BT_Viserion\L2_Drivers\base" -I"C:\SJSU\Viserion\BT_Viserion\L3_Utils" -I"C:\SJSU\Viserion\BT_Viserion\L3_Utils\tlm" -I"C:\SJSU\Viserion\BT_Viserion\L4_IO" -I"C:\SJSU\Viserion\BT_Viserion\L4_IO\fat" -I"C:\SJSU\Viserion\BT_Viserion\L4_IO\wireless" -I"C:\SJSU\Viserion\BT_Viserion\L5_Application" -I"C:\SJSU\Viserion\BT_Viserion\_can_dbc" -std=gnu++11 -fabi-version=0 -fno-exceptions -MMD -MP -MF"L5_Application/periodic_scheduler/send_bluetooth_heartbeat.d" -MT"L5_Application/periodic_scheduler/send_bluetooth_heartbeat.o" -c -o "L5_Application/periodic_scheduler/send_bluetooth_heartbeat.o" "../L5_Application/periodic_scheduler/send_bluetooth_heartbeat.cpp"
Finished building: ../L5_Application/periodic_scheduler/send_bluetooth_heartbeat.cpp
 
Finished building: ../L5_Application/periodic_scheduler/receive_heartbeats.cpp
 
Building target: Bluetooth_Viserion.elf
Invoking: Cross ARM C++ Linker
arm-none-eabi-g++ -mcpu=cortex-m3 -mthumb -Os -fmessage-length=0 -ffunction-sections -fdata-sections -Wall -Wshadow -Wlogical-op -Wfloat-equal -T ../loader.ld -nostartfiles -Xlinker --gc-sections -Wl,-Map,"Bluetooth_Viserion.map" -specs=nano.specs -o "Bluetooth_Viserion.elf"  ./newlib/malloc_lock.o ./newlib/memory.o ./newlib/newlib_syscalls.o ./newlib/newlib_time.o  ./L5_Application/source/cmd_handlers/handlers.o ./L5_Application/source/cmd_handlers/prog_handlers.o ./L5_Application/source/cmd_handlers/wireless_handlers.o  ./L5_Application/source/high_level_init.o ./L5_Application/source/remote.o ./L5_Application/source/terminal.o  ./L5_Application/periodic_scheduler/period_callbacks.o ./L5_Application/periodic_scheduler/prd_monitor.o ./L5_Application/periodic_scheduler/receive_heartbeats.o ./L5_Application/periodic_scheduler/send_bluetooth_heartbeat.o  ./L5_Application/examples/examples.o ./L5_Application/examples/rn_xv_task.o  ./L5_Application/main.o  ./L4_IO/wireless/src/mesh.o ./L4_IO/wireless/src/nrf24L01Plus.o ./L4_IO/wireless/src/wireless.o  ./L4_IO/src/gpio.o ./L4_IO/src/io_source.o ./L4_IO/src/storage.o  ./L4_IO/fat/option/ccsbcs.o ./L4_IO/fat/option/reentrant.o  ./L4_IO/fat/disk/diskio.o ./L4_IO/fat/disk/sd.o ./L4_IO/fat/disk/spi_flash.o  ./L4_IO/fat/fatfs_time.o ./L4_IO/fat/ff.o  ./L3_Utils/tlm/src/c_tlm_binary.o ./L3_Utils/tlm/src/c_tlm_comp.o ./L3_Utils/tlm/src/c_tlm_stream.o ./L3_Utils/tlm/src/c_tlm_var.o  ./L3_Utils/src/c_list.o ./L3_Utils/src/command_handler.o ./L3_Utils/src/file_logger.o ./L3_Utils/src/freertos_timer.o ./L3_Utils/src/printf_lib.o ./L3_Utils/src/rtc_alarm.o ./L3_Utils/src/scheduler_task.o ./L3_Utils/src/str.o ./L3_Utils/src/utilities.o  ./L2_Drivers/src/adc.o ./L2_Drivers/src/can.o ./L2_Drivers/src/eint.o ./L2_Drivers/src/i2c2.o ./L2_Drivers/src/lpc_pwm.o ./L2_Drivers/src/lpc_rit.o ./L2_Drivers/src/lpc_timers.o ./L2_Drivers/src/nrf_stream.o ./L2_Drivers/src/rtc.o ./L2_Drivers/src/spi_dma.o ./L2_Drivers/src/spi_sem.o ./L2_Drivers/src/uart0.o ./L2_Drivers/src/uart2.o ./L2_Drivers/src/uart3.o  ./L2_Drivers/base/char_dev.o ./L2_Drivers/base/i2c_base.o ./L2_Drivers/base/uart_dev.o  ./L1_FreeRTOS/trace/run_time_counter.o ./L1_FreeRTOS/trace/trcBase.o ./L1_FreeRTOS/trace/trcHardwarePort.o ./L1_FreeRTOS/trace/trcKernel.o ./L1_FreeRTOS/trace/trcKernelPort.o ./L1_FreeRTOS/trace/trcUser.o  ./L1_FreeRTOS/src/croutine.o ./L1_FreeRTOS/src/event_groups.o ./L1_FreeRTOS/src/list.o ./L1_FreeRTOS/src/queue.o ./L1_FreeRTOS/src/tasks.o ./L1_FreeRTOS/src/timers.o  ./L1_FreeRTOS/portable/no_mpu/port.o  ./L1_FreeRTOS/portable/run_time_stats.o  ./L1_FreeRTOS/hooks/hooks.o  ./L1_FreeRTOS/MemMang/freertos_mem_man.o  ./L0_LowLevel/source/core_cm3.o ./L0_LowLevel/source/low_level_init.o ./L0_LowLevel/source/lpc_peripherals.o ./L0_LowLevel/source/lpc_sys.o ./L0_LowLevel/source/startup.o ./L0_LowLevel/source/sys_clock.o ./L0_LowLevel/source/uart0_min.o   
Finished building target: Bluetooth_Viserion.elf
 
make --no-print-directory post-build
Create binary file
arm-none-eabi-objcopy -O binary Bluetooth_Viserion.elf Bluetooth_Viserion.bin
 
Invoking: Cross ARM GNU Create Flash Image
arm-none-eabi-objcopy -O ihex "Bluetooth_Viserion.elf"  "Bluetooth_Viserion.hex"
Invoking: Cross ARM GNU Create Listing
arm-none-eabi-objdump --source --all-headers --demangle --line-numbers --wide "Bluetooth_Viserion.elf" > "Bluetooth_Viserion.lst"
Invoking: Cross ARM GNU Print Size
arm-none-eabi-size --format=berkeley "Bluetooth_Viserion.elf"
   text	   data	    bss	    dec	    hex	filename
  88736	    440	   1132	  90308	  160c4	Bluetooth_Viserion.elf
Finished building: Bluetooth_Viserion.hex
Finished building: Bluetooth_Viserion.siz
 
 
Finished building: Bluetooth_Viserion.lst
 
07:05:48 **** Incremental Build of configuration _build_with_dbc for project Bluetooth_Viserion ****
make -j4 pre-build main-build 
sh ../pre_build.sh
Building file: ../L5_Application/periodic_scheduler/receive_heartbeats.cpp
Building file: ../L5_Application/periodic_scheduler/send_bluetooth_heartbeat.cpp
 
Invoking: Cross ARM C++ Compiler
arm-none-eabi-g++ -mcpu=cortex-m3 -mthumb -Os -fmessage-length=0 -ffunction-sections -fdata-sections -Wall -Wshadow -Wlogical-op -Wfloat-equal -DBUILD_CFG_MPU=0 -I"C:\SJSU\Viserion\BT_Viserion" -I"C:\SJSU\Viserion\BT_Viserion\newlib" -I"C:\SJSU\Viserion\BT_Viserion\L0_LowLevel" -I"C:\SJSU\Viserion\BT_Viserion\L1_FreeRTOS" -I"C:\SJSU\Viserion\BT_Viserion\L1_FreeRTOS\include" -I"C:\SJSU\Viserion\BT_Viserion\L1_FreeRTOS\portable" -I"C:\SJSU\Viserion\BT_Viserion\L1_FreeRTOS\portable\no_mpu" -I"C:\SJSU\Viserion\BT_Viserion\L2_Drivers" -I"C:\SJSU\Viserion\BT_Viserion\L2_Drivers\base" -I"C:\SJSU\Viserion\BT_Viserion\L3_Utils" -I"C:\SJSU\Viserion\BT_Viserion\L3_Utils\tlm" -I"C:\SJSU\Viserion\BT_Viserion\L4_IO" -I"C:\SJSU\Viserion\BT_Viserion\L4_IO\fat" -I"C:\SJSU\Viserion\BT_Viserion\L4_IO\wireless" -I"C:\SJSU\Viserion\BT_Viserion\L5_Application" -I"C:\SJSU\Viserion\BT_Viserion\_can_dbc" -std=gnu++11 -fabi-version=0 -fno-exceptions -MMD -MP -MF"L5_Application/periodic_scheduler/receive_heartbeats.d" -MT"L5_Application/periodic_scheduler/receive_heartbeats.o" -c -o "L5_Application/periodic_scheduler/receive_heartbeats.o" "../L5_Application/periodic_scheduler/receive_heartbeats.cpp"
Invoking: Cross ARM C++ Compiler
arm-none-eabi-g++ -mcpu=cortex-m3 -mthumb -Os -fmessage-length=0 -ffunction-sections -fdata-sections -Wall -Wshadow -Wlogical-op -Wfloat-equal -DBUILD_CFG_MPU=0 -I"C:\SJSU\Viserion\BT_Viserion" -I"C:\SJSU\Viserion\BT_Viserion\newlib" -I"C:\SJSU\Viserion\BT_Viserion\L0_LowLevel" -I"C:\SJSU\Viserion\BT_Viserion\L1_FreeRTOS" -I"C:\SJSU\Viserion\BT_Viserion\L1_FreeRTOS\include" -I"C:\SJSU\Viserion\BT_Viserion\L1_FreeRTOS\portable" -I"C:\SJSU\Viserion\BT_Viserion\L1_FreeRTOS\portable\no_mpu" -I"C:\SJSU\Viserion\BT_Viserion\L2_Drivers" -I"C:\SJSU\Viserion\BT_Viserion\L2_Drivers\base" -I"C:\SJSU\Viserion\BT_Viserion\L3_Utils" -I"C:\SJSU\Viserion\BT_Viserion\L3_Utils\tlm" -I"C:\SJSU\Viserion\BT_Viserion\L4_IO" -I"C:\SJSU\Viserion\BT_Viserion\L4_IO\fat" -I"C:\SJSU\Viserion\BT_Viserion\L4_IO\wireless" -I"C:\SJSU\Viserion\BT_Viserion\L5_Application" -I"C:\SJSU\Viserion\BT_Viserion\_can_dbc" -std=gnu++11 -fabi-version=0 -fno-exceptions -MMD -MP -MF"L5_Application/periodic_scheduler/send_bluetooth_heartbeat.d" -MT"L5_Application/periodic_scheduler/send_bluetooth_heartbeat.o" -c -o "L5_Application/periodic_scheduler/send_bluetooth_heartbeat.o" "../L5_Application/periodic_scheduler/send_bluetooth_heartbeat.cpp"
Finished building: ../L5_Application/periodic_scheduler/send_bluetooth_heartbeat.cpp
Finished building: ../L5_Application/periodic_scheduler/receive_heartbeats.cpp
 
 
Building target: Bluetooth_Viserion.elf
Invoking: Cross ARM C++ Linker
arm-none-eabi-g++ -mcpu=cortex-m3 -mthumb -Os -fmessage-length=0 -ffunction-sections -fdata-sections -Wall -Wshadow -Wlogical-op -Wfloat-equal -T ../loader.ld -nostartfiles -Xlinker --gc-sections -Wl,-Map,"Bluetooth_Viserion.map" -specs=nano.specs -o "Bluetooth_Viserion.elf"  ./newlib/malloc_lock.o ./newlib/memory.o ./newlib/newlib_syscalls.o ./newlib/newlib_time.o  ./L5_Application/source/cmd_handlers/handlers.o ./L5_Application/source/cmd_handlers/prog_handlers.o ./L5_Application/source/cmd_handlers/wireless_handlers.o  ./L5_Application/source/high_level_init.o ./L5_Application/source/remote.o ./L5_Application/source/terminal.o  ./L5_Application/periodic_scheduler/period_callbacks.o ./L5_Application/periodic_scheduler/prd_monitor.o ./L5_Application/periodic_scheduler/receive_heartbeats.o ./L5_Application/periodic_scheduler/send_bluetooth_heartbeat.o  ./L5_Application/examples/examples.o ./L5_Application/examples/rn_xv_task.o  ./L5_Application/main.o  ./L4_IO/wireless/src/mesh.o ./L4_IO/wireless/src/nrf24L01Plus.o ./L4_IO/wireless/src/wireless.o  ./L4_IO/src/gpio.o ./L4_IO/src/io_source.o ./L4_IO/src/storage.o  ./L4_IO/fat/option/ccsbcs.o ./L4_IO/fat/option/reentrant.o  ./L4_IO/fat/disk/diskio.o ./L4_IO/fat/disk/sd.o ./L4_IO/fat/disk/spi_flash.o  ./L4_IO/fat/fatfs_time.o ./L4_IO/fat/ff.o  ./L3_Utils/tlm/src/c_tlm_binary.o ./L3_Utils/tlm/src/c_tlm_comp.o ./L3_Utils/tlm/src/c_tlm_stream.o ./L3_Utils/tlm/src/c_tlm_var.o  ./L3_Utils/src/c_list.o ./L3_Utils/src/command_handler.o ./L3_Utils/src/file_logger.o ./L3_Utils/src/freertos_timer.o ./L3_Utils/src/printf_lib.o ./L3_Utils/src/rtc_alarm.o ./L3_Utils/src/scheduler_task.o ./L3_Utils/src/str.o ./L3_Utils/src/utilities.o  ./L2_Drivers/src/adc.o ./L2_Drivers/src/can.o ./L2_Drivers/src/eint.o ./L2_Drivers/src/i2c2.o ./L2_Drivers/src/lpc_pwm.o ./L2_Drivers/src/lpc_rit.o ./L2_Drivers/src/lpc_timers.o ./L2_Drivers/src/nrf_stream.o ./L2_Drivers/src/rtc.o ./L2_Drivers/src/spi_dma.o ./L2_Drivers/src/spi_sem.o ./L2_Drivers/src/uart0.o ./L2_Drivers/src/uart2.o ./L2_Drivers/src/uart3.o  ./L2_Drivers/base/char_dev.o ./L2_Drivers/base/i2c_base.o ./L2_Drivers/base/uart_dev.o  ./L1_FreeRTOS/trace/run_time_counter.o ./L1_FreeRTOS/trace/trcBase.o ./L1_FreeRTOS/trace/trcHardwarePort.o ./L1_FreeRTOS/trace/trcKernel.o ./L1_FreeRTOS/trace/trcKernelPort.o ./L1_FreeRTOS/trace/trcUser.o  ./L1_FreeRTOS/src/croutine.o ./L1_FreeRTOS/src/event_groups.o ./L1_FreeRTOS/src/list.o ./L1_FreeRTOS/src/queue.o ./L1_FreeRTOS/src/tasks.o ./L1_FreeRTOS/src/timers.o  ./L1_FreeRTOS/portable/no_mpu/port.o  ./L1_FreeRTOS/portable/run_time_stats.o  ./L1_FreeRTOS/hooks/hooks.o  ./L1_FreeRTOS/MemMang/freertos_mem_man.o  ./L0_LowLevel/source/core_cm3.o ./L0_LowLevel/source/low_level_init.o ./L0_LowLevel/source/lpc_peripherals.o ./L0_LowLevel/source/lpc_sys.o ./L0_LowLevel/source/startup.o ./L0_LowLevel/source/sys_clock.o ./L0_LowLevel/source/uart0_min.o   
Finished building target: Bluetooth_Viserion.elf
 
make --no-print-directory post-build
Create binary file
arm-none-eabi-objcopy -O binary Bluetooth_Viserion.elf Bluetooth_Viserion.bin
 
Invoking: Cross ARM GNU Create Flash Image
arm-none-eabi-objcopy -O ihex "Bluetooth_Viserion.elf"  "Bluetooth_Viserion.hex"
Invoking: Cross ARM GNU Create Listing
arm-none-eabi-objdump --source --all-headers --demangle --line-numbers --wide "Bluetooth_Viserion.elf" > "Bluetooth_Viserion.lst"
Invoking: Cross ARM GNU Print Size
arm-none-eabi-size --format=berkeley "Bluetooth_Viserion.elf"
   text	   data	    bss	    dec	    hex	filename
  88736	    440	   1132	  90308	  160c4	Bluetooth_Viserion.elf
Finished building: Bluetooth_Viserion.hex
Finished building: Bluetooth_Viserion.siz
 
 
Finished building: Bluetooth_Viserion.lst
 
07:15:36 **** Incremental Build of configuration _build_with_dbc for project Bluetooth_Viserion ****
make -j4 pre-build main-build 
sh ../pre_build.sh
Building file: ../L5_Application/periodic_scheduler/receive_heartbeats.cpp
Building file: ../L5_Application/periodic_scheduler/send_bluetooth_heartbeat.cpp
 
Invoking: Cross ARM C++ Compiler
arm-none-eabi-g++ -mcpu=cortex-m3 -mthumb -Os -fmessage-length=0 -ffunction-sections -fdata-sections -Wall -Wshadow -Wlogical-op -Wfloat-equal -DBUILD_CFG_MPU=0 -I"C:\SJSU\Viserion\BT_Viserion" -I"C:\SJSU\Viserion\BT_Viserion\newlib" -I"C:\SJSU\Viserion\BT_Viserion\L0_LowLevel" -I"C:\SJSU\Viserion\BT_Viserion\L1_FreeRTOS" -I"C:\SJSU\Viserion\BT_Viserion\L1_FreeRTOS\include" -I"C:\SJSU\Viserion\BT_Viserion\L1_FreeRTOS\portable" -I"C:\SJSU\Viserion\BT_Viserion\L1_FreeRTOS\portable\no_mpu" -I"C:\SJSU\Viserion\BT_Viserion\L2_Drivers" -I"C:\SJSU\Viserion\BT_Viserion\L2_Drivers\base" -I"C:\SJSU\Viserion\BT_Viserion\L3_Utils" -I"C:\SJSU\Viserion\BT_Viserion\L3_Utils\tlm" -I"C:\SJSU\Viserion\BT_Viserion\L4_IO" -I"C:\SJSU\Viserion\BT_Viserion\L4_IO\fat" -I"C:\SJSU\Viserion\BT_Viserion\L4_IO\wireless" -I"C:\SJSU\Viserion\BT_Viserion\L5_Application" -I"C:\SJSU\Viserion\BT_Viserion\_can_dbc" -std=gnu++11 -fabi-version=0 -fno-exceptions -MMD -MP -MF"L5_Application/periodic_scheduler/receive_heartbeats.d" -MT"L5_Application/periodic_scheduler/receive_heartbeats.o" -c -o "L5_Application/periodic_scheduler/receive_heartbeats.o" "../L5_Application/periodic_scheduler/receive_heartbeats.cpp"
Invoking: Cross ARM C++ Compiler
arm-none-eabi-g++ -mcpu=cortex-m3 -mthumb -Os -fmessage-length=0 -ffunction-sections -fdata-sections -Wall -Wshadow -Wlogical-op -Wfloat-equal -DBUILD_CFG_MPU=0 -I"C:\SJSU\Viserion\BT_Viserion" -I"C:\SJSU\Viserion\BT_Viserion\newlib" -I"C:\SJSU\Viserion\BT_Viserion\L0_LowLevel" -I"C:\SJSU\Viserion\BT_Viserion\L1_FreeRTOS" -I"C:\SJSU\Viserion\BT_Viserion\L1_FreeRTOS\include" -I"C:\SJSU\Viserion\BT_Viserion\L1_FreeRTOS\portable" -I"C:\SJSU\Viserion\BT_Viserion\L1_FreeRTOS\portable\no_mpu" -I"C:\SJSU\Viserion\BT_Viserion\L2_Drivers" -I"C:\SJSU\Viserion\BT_Viserion\L2_Drivers\base" -I"C:\SJSU\Viserion\BT_Viserion\L3_Utils" -I"C:\SJSU\Viserion\BT_Viserion\L3_Utils\tlm" -I"C:\SJSU\Viserion\BT_Viserion\L4_IO" -I"C:\SJSU\Viserion\BT_Viserion\L4_IO\fat" -I"C:\SJSU\Viserion\BT_Viserion\L4_IO\wireless" -I"C:\SJSU\Viserion\BT_Viserion\L5_Application" -I"C:\SJSU\Viserion\BT_Viserion\_can_dbc" -std=gnu++11 -fabi-version=0 -fno-exceptions -MMD -MP -MF"L5_Application/periodic_scheduler/send_bluetooth_heartbeat.d" -MT"L5_Application/periodic_scheduler/send_bluetooth_heartbeat.o" -c -o "L5_Application/periodic_scheduler/send_bluetooth_heartbeat.o" "../L5_Application/periodic_scheduler/send_bluetooth_heartbeat.cpp"
../L5_Application/periodic_scheduler/receive_heartbeats.cpp:18:49: warning: large integer implicitly truncated to unsigned type [-Woverflow]
 const HB_GEO_t HB_GEO__MIA_MSG = {.GEO_ALIVE = 2};
                                                 ^
../L5_Application/periodic_scheduler/receive_heartbeats.cpp:20:7: error: 'HB_SENSOR_t' does not name a type
 const HB_SENSOR_t HB_SENSORS__MIA_MSG = {.SENSOR_ALIVE = 3};
       ^
../L5_Application/periodic_scheduler/receive_heartbeats.cpp:22:58: warning: large integer implicitly truncated to unsigned type [-Woverflow]
 const HB_MASTER_t HB_MASTER__MIA_MSG = {.MASTER_ALIVE = 4};
                                                          ^
make: *** [L5_Application/periodic_scheduler/receive_heartbeats.o] Error 1
make: *** Waiting for unfinished jobs....
Finished building: ../L5_Application/periodic_scheduler/send_bluetooth_heartbeat.cpp
 
07:16:20 **** Incremental Build of configuration _build_with_dbc for project Bluetooth_Viserion ****
make -j4 pre-build main-build 
sh ../pre_build.sh
Building file: ../L5_Application/periodic_scheduler/receive_heartbeats.cpp
Building file: ../L5_Application/periodic_scheduler/send_bluetooth_heartbeat.cpp
 
Invoking: Cross ARM C++ Compiler
arm-none-eabi-g++ -mcpu=cortex-m3 -mthumb -Os -fmessage-length=0 -ffunction-sections -fdata-sections -Wall -Wshadow -Wlogical-op -Wfloat-equal -DBUILD_CFG_MPU=0 -I"C:\SJSU\Viserion\BT_Viserion" -I"C:\SJSU\Viserion\BT_Viserion\newlib" -I"C:\SJSU\Viserion\BT_Viserion\L0_LowLevel" -I"C:\SJSU\Viserion\BT_Viserion\L1_FreeRTOS" -I"C:\SJSU\Viserion\BT_Viserion\L1_FreeRTOS\include" -I"C:\SJSU\Viserion\BT_Viserion\L1_FreeRTOS\portable" -I"C:\SJSU\Viserion\BT_Viserion\L1_FreeRTOS\portable\no_mpu" -I"C:\SJSU\Viserion\BT_Viserion\L2_Drivers" -I"C:\SJSU\Viserion\BT_Viserion\L2_Drivers\base" -I"C:\SJSU\Viserion\BT_Viserion\L3_Utils" -I"C:\SJSU\Viserion\BT_Viserion\L3_Utils\tlm" -I"C:\SJSU\Viserion\BT_Viserion\L4_IO" -I"C:\SJSU\Viserion\BT_Viserion\L4_IO\fat" -I"C:\SJSU\Viserion\BT_Viserion\L4_IO\wireless" -I"C:\SJSU\Viserion\BT_Viserion\L5_Application" -I"C:\SJSU\Viserion\BT_Viserion\_can_dbc" -std=gnu++11 -fabi-version=0 -fno-exceptions -MMD -MP -MF"L5_Application/periodic_scheduler/receive_heartbeats.d" -MT"L5_Application/periodic_scheduler/receive_heartbeats.o" -c -o "L5_Application/periodic_scheduler/receive_heartbeats.o" "../L5_Application/periodic_scheduler/receive_heartbeats.cpp"
Invoking: Cross ARM C++ Compiler
arm-none-eabi-g++ -mcpu=cortex-m3 -mthumb -Os -fmessage-length=0 -ffunction-sections -fdata-sections -Wall -Wshadow -Wlogical-op -Wfloat-equal -DBUILD_CFG_MPU=0 -I"C:\SJSU\Viserion\BT_Viserion" -I"C:\SJSU\Viserion\BT_Viserion\newlib" -I"C:\SJSU\Viserion\BT_Viserion\L0_LowLevel" -I"C:\SJSU\Viserion\BT_Viserion\L1_FreeRTOS" -I"C:\SJSU\Viserion\BT_Viserion\L1_FreeRTOS\include" -I"C:\SJSU\Viserion\BT_Viserion\L1_FreeRTOS\portable" -I"C:\SJSU\Viserion\BT_Viserion\L1_FreeRTOS\portable\no_mpu" -I"C:\SJSU\Viserion\BT_Viserion\L2_Drivers" -I"C:\SJSU\Viserion\BT_Viserion\L2_Drivers\base" -I"C:\SJSU\Viserion\BT_Viserion\L3_Utils" -I"C:\SJSU\Viserion\BT_Viserion\L3_Utils\tlm" -I"C:\SJSU\Viserion\BT_Viserion\L4_IO" -I"C:\SJSU\Viserion\BT_Viserion\L4_IO\fat" -I"C:\SJSU\Viserion\BT_Viserion\L4_IO\wireless" -I"C:\SJSU\Viserion\BT_Viserion\L5_Application" -I"C:\SJSU\Viserion\BT_Viserion\_can_dbc" -std=gnu++11 -fabi-version=0 -fno-exceptions -MMD -MP -MF"L5_Application/periodic_scheduler/send_bluetooth_heartbeat.d" -MT"L5_Application/periodic_scheduler/send_bluetooth_heartbeat.o" -c -o "L5_Application/periodic_scheduler/send_bluetooth_heartbeat.o" "../L5_Application/periodic_scheduler/send_bluetooth_heartbeat.cpp"
../L5_Application/periodic_scheduler/receive_heartbeats.cpp:18:49: warning: large integer implicitly truncated to unsigned type [-Woverflow]
 const HB_GEO_t HB_GEO__MIA_MSG = {.GEO_ALIVE = 2};
                                                 ^
../L5_Application/periodic_scheduler/receive_heartbeats.cpp:20:60: warning: large integer implicitly truncated to unsigned type [-Woverflow]
 const HB_SENSORS_t HB_SENSORS__MIA_MSG = {.SENSOR_ALIVE = 3};
                                                            ^
../L5_Application/periodic_scheduler/receive_heartbeats.cpp:22:58: warning: large integer implicitly truncated to unsigned type [-Woverflow]
 const HB_MASTER_t HB_MASTER__MIA_MSG = {.MASTER_ALIVE = 4};
                                                          ^
Finished building: ../L5_Application/periodic_scheduler/send_bluetooth_heartbeat.cpp
Finished building: ../L5_Application/periodic_scheduler/receive_heartbeats.cpp
 
 
Building target: Bluetooth_Viserion.elf
Invoking: Cross ARM C++ Linker
arm-none-eabi-g++ -mcpu=cortex-m3 -mthumb -Os -fmessage-length=0 -ffunction-sections -fdata-sections -Wall -Wshadow -Wlogical-op -Wfloat-equal -T ../loader.ld -nostartfiles -Xlinker --gc-sections -Wl,-Map,"Bluetooth_Viserion.map" -specs=nano.specs -o "Bluetooth_Viserion.elf"  ./newlib/malloc_lock.o ./newlib/memory.o ./newlib/newlib_syscalls.o ./newlib/newlib_time.o  ./L5_Application/source/cmd_handlers/handlers.o ./L5_Application/source/cmd_handlers/prog_handlers.o ./L5_Application/source/cmd_handlers/wireless_handlers.o  ./L5_Application/source/high_level_init.o ./L5_Application/source/remote.o ./L5_Application/source/terminal.o  ./L5_Application/periodic_scheduler/period_callbacks.o ./L5_Application/periodic_scheduler/prd_monitor.o ./L5_Application/periodic_scheduler/receive_heartbeats.o ./L5_Application/periodic_scheduler/send_bluetooth_heartbeat.o  ./L5_Application/examples/examples.o ./L5_Application/examples/rn_xv_task.o  ./L5_Application/main.o  ./L4_IO/wireless/src/mesh.o ./L4_IO/wireless/src/nrf24L01Plus.o ./L4_IO/wireless/src/wireless.o  ./L4_IO/src/gpio.o ./L4_IO/src/io_source.o ./L4_IO/src/storage.o  ./L4_IO/fat/option/ccsbcs.o ./L4_IO/fat/option/reentrant.o  ./L4_IO/fat/disk/diskio.o ./L4_IO/fat/disk/sd.o ./L4_IO/fat/disk/spi_flash.o  ./L4_IO/fat/fatfs_time.o ./L4_IO/fat/ff.o  ./L3_Utils/tlm/src/c_tlm_binary.o ./L3_Utils/tlm/src/c_tlm_comp.o ./L3_Utils/tlm/src/c_tlm_stream.o ./L3_Utils/tlm/src/c_tlm_var.o  ./L3_Utils/src/c_list.o ./L3_Utils/src/command_handler.o ./L3_Utils/src/file_logger.o ./L3_Utils/src/freertos_timer.o ./L3_Utils/src/printf_lib.o ./L3_Utils/src/rtc_alarm.o ./L3_Utils/src/scheduler_task.o ./L3_Utils/src/str.o ./L3_Utils/src/utilities.o  ./L2_Drivers/src/adc.o ./L2_Drivers/src/can.o ./L2_Drivers/src/eint.o ./L2_Drivers/src/i2c2.o ./L2_Drivers/src/lpc_pwm.o ./L2_Drivers/src/lpc_rit.o ./L2_Drivers/src/lpc_timers.o ./L2_Drivers/src/nrf_stream.o ./L2_Drivers/src/rtc.o ./L2_Drivers/src/spi_dma.o ./L2_Drivers/src/spi_sem.o ./L2_Drivers/src/uart0.o ./L2_Drivers/src/uart2.o ./L2_Drivers/src/uart3.o  ./L2_Drivers/base/char_dev.o ./L2_Drivers/base/i2c_base.o ./L2_Drivers/base/uart_dev.o  ./L1_FreeRTOS/trace/run_time_counter.o ./L1_FreeRTOS/trace/trcBase.o ./L1_FreeRTOS/trace/trcHardwarePort.o ./L1_FreeRTOS/trace/trcKernel.o ./L1_FreeRTOS/trace/trcKernelPort.o ./L1_FreeRTOS/trace/trcUser.o  ./L1_FreeRTOS/src/croutine.o ./L1_FreeRTOS/src/event_groups.o ./L1_FreeRTOS/src/list.o ./L1_FreeRTOS/src/queue.o ./L1_FreeRTOS/src/tasks.o ./L1_FreeRTOS/src/timers.o  ./L1_FreeRTOS/portable/no_mpu/port.o  ./L1_FreeRTOS/portable/run_time_stats.o  ./L1_FreeRTOS/hooks/hooks.o  ./L1_FreeRTOS/MemMang/freertos_mem_man.o  ./L0_LowLevel/source/core_cm3.o ./L0_LowLevel/source/low_level_init.o ./L0_LowLevel/source/lpc_peripherals.o ./L0_LowLevel/source/lpc_sys.o ./L0_LowLevel/source/startup.o ./L0_LowLevel/source/sys_clock.o ./L0_LowLevel/source/uart0_min.o   
Finished building target: Bluetooth_Viserion.elf
 
make --no-print-directory post-build
Create binary file
arm-none-eabi-objcopy -O binary Bluetooth_Viserion.elf Bluetooth_Viserion.bin
 
Invoking: Cross ARM GNU Create Flash Image
Invoking: Cross ARM GNU Create Listing
arm-none-eabi-objcopy -O ihex "Bluetooth_Viserion.elf"  "Bluetooth_Viserion.hex"
arm-none-eabi-objdump --source --all-headers --demangle --line-numbers --wide "Bluetooth_Viserion.elf" > "Bluetooth_Viserion.lst"
Invoking: Cross ARM GNU Print Size
arm-none-eabi-size --format=berkeley "Bluetooth_Viserion.elf"
   text	   data	    bss	    dec	    hex	filename
  88736	    440	   1132	  90308	  160c4	Bluetooth_Viserion.elf
Finished building: Bluetooth_Viserion.hex
Finished building: Bluetooth_Viserion.siz
 
 
Finished building: Bluetooth_Viserion.lst
 
07:19:29 **** Incremental Build of configuration _build_with_dbc for project Bluetooth_Viserion ****
make -j4 pre-build main-build 
sh ../pre_build.sh
Building file: ../L5_Application/periodic_scheduler/send_bluetooth_heartbeat.cpp
Building file: ../L5_Application/periodic_scheduler/receive_heartbeats.cpp
 
Invoking: Cross ARM C++ Compiler
arm-none-eabi-g++ -mcpu=cortex-m3 -mthumb -Os -fmessage-length=0 -ffunction-sections -fdata-sections -Wall -Wshadow -Wlogical-op -Wfloat-equal -DBUILD_CFG_MPU=0 -I"C:\SJSU\Viserion\BT_Viserion" -I"C:\SJSU\Viserion\BT_Viserion\newlib" -I"C:\SJSU\Viserion\BT_Viserion\L0_LowLevel" -I"C:\SJSU\Viserion\BT_Viserion\L1_FreeRTOS" -I"C:\SJSU\Viserion\BT_Viserion\L1_FreeRTOS\include" -I"C:\SJSU\Viserion\BT_Viserion\L1_FreeRTOS\portable" -I"C:\SJSU\Viserion\BT_Viserion\L1_FreeRTOS\portable\no_mpu" -I"C:\SJSU\Viserion\BT_Viserion\L2_Drivers" -I"C:\SJSU\Viserion\BT_Viserion\L2_Drivers\base" -I"C:\SJSU\Viserion\BT_Viserion\L3_Utils" -I"C:\SJSU\Viserion\BT_Viserion\L3_Utils\tlm" -I"C:\SJSU\Viserion\BT_Viserion\L4_IO" -I"C:\SJSU\Viserion\BT_Viserion\L4_IO\fat" -I"C:\SJSU\Viserion\BT_Viserion\L4_IO\wireless" -I"C:\SJSU\Viserion\BT_Viserion\L5_Application" -I"C:\SJSU\Viserion\BT_Viserion\_can_dbc" -std=gnu++11 -fabi-version=0 -fno-exceptions -MMD -MP -MF"L5_Application/periodic_scheduler/receive_heartbeats.d" -MT"L5_Application/periodic_scheduler/receive_heartbeats.o" -c -o "L5_Application/periodic_scheduler/receive_heartbeats.o" "../L5_Application/periodic_scheduler/receive_heartbeats.cpp"
Invoking: Cross ARM C++ Compiler
arm-none-eabi-g++ -mcpu=cortex-m3 -mthumb -Os -fmessage-length=0 -ffunction-sections -fdata-sections -Wall -Wshadow -Wlogical-op -Wfloat-equal -DBUILD_CFG_MPU=0 -I"C:\SJSU\Viserion\BT_Viserion" -I"C:\SJSU\Viserion\BT_Viserion\newlib" -I"C:\SJSU\Viserion\BT_Viserion\L0_LowLevel" -I"C:\SJSU\Viserion\BT_Viserion\L1_FreeRTOS" -I"C:\SJSU\Viserion\BT_Viserion\L1_FreeRTOS\include" -I"C:\SJSU\Viserion\BT_Viserion\L1_FreeRTOS\portable" -I"C:\SJSU\Viserion\BT_Viserion\L1_FreeRTOS\portable\no_mpu" -I"C:\SJSU\Viserion\BT_Viserion\L2_Drivers" -I"C:\SJSU\Viserion\BT_Viserion\L2_Drivers\base" -I"C:\SJSU\Viserion\BT_Viserion\L3_Utils" -I"C:\SJSU\Viserion\BT_Viserion\L3_Utils\tlm" -I"C:\SJSU\Viserion\BT_Viserion\L4_IO" -I"C:\SJSU\Viserion\BT_Viserion\L4_IO\fat" -I"C:\SJSU\Viserion\BT_Viserion\L4_IO\wireless" -I"C:\SJSU\Viserion\BT_Viserion\L5_Application" -I"C:\SJSU\Viserion\BT_Viserion\_can_dbc" -std=gnu++11 -fabi-version=0 -fno-exceptions -MMD -MP -MF"L5_Application/periodic_scheduler/send_bluetooth_heartbeat.d" -MT"L5_Application/periodic_scheduler/send_bluetooth_heartbeat.o" -c -o "L5_Application/periodic_scheduler/send_bluetooth_heartbeat.o" "../L5_Application/periodic_scheduler/send_bluetooth_heartbeat.cpp"
../L5_Application/periodic_scheduler/receive_heartbeats.cpp:18:49: warning: large integer implicitly truncated to unsigned type [-Woverflow]
 const HB_GEO_t HB_GEO__MIA_MSG = {.GEO_ALIVE = 2};
                                                 ^
../L5_Application/periodic_scheduler/receive_heartbeats.cpp:20:60: warning: large integer implicitly truncated to unsigned type [-Woverflow]
 const HB_SENSORS_t HB_SENSORS__MIA_MSG = {.SENSOR_ALIVE = 3};
                                                            ^
../L5_Application/periodic_scheduler/receive_heartbeats.cpp:22:58: warning: large integer implicitly truncated to unsigned type [-Woverflow]
 const HB_MASTER_t HB_MASTER__MIA_MSG = {.MASTER_ALIVE = 4};
                                                          ^
Finished building: ../L5_Application/periodic_scheduler/send_bluetooth_heartbeat.cpp
Finished building: ../L5_Application/periodic_scheduler/receive_heartbeats.cpp
 
 
Building target: Bluetooth_Viserion.elf
Invoking: Cross ARM C++ Linker
arm-none-eabi-g++ -mcpu=cortex-m3 -mthumb -Os -fmessage-length=0 -ffunction-sections -fdata-sections -Wall -Wshadow -Wlogical-op -Wfloat-equal -T ../loader.ld -nostartfiles -Xlinker --gc-sections -Wl,-Map,"Bluetooth_Viserion.map" -specs=nano.specs -o "Bluetooth_Viserion.elf"  ./newlib/malloc_lock.o ./newlib/memory.o ./newlib/newlib_syscalls.o ./newlib/newlib_time.o  ./L5_Application/source/cmd_handlers/handlers.o ./L5_Application/source/cmd_handlers/prog_handlers.o ./L5_Application/source/cmd_handlers/wireless_handlers.o  ./L5_Application/source/high_level_init.o ./L5_Application/source/remote.o ./L5_Application/source/terminal.o  ./L5_Application/periodic_scheduler/period_callbacks.o ./L5_Application/periodic_scheduler/prd_monitor.o ./L5_Application/periodic_scheduler/receive_heartbeats.o ./L5_Application/periodic_scheduler/send_bluetooth_heartbeat.o  ./L5_Application/examples/examples.o ./L5_Application/examples/rn_xv_task.o  ./L5_Application/main.o  ./L4_IO/wireless/src/mesh.o ./L4_IO/wireless/src/nrf24L01Plus.o ./L4_IO/wireless/src/wireless.o  ./L4_IO/src/gpio.o ./L4_IO/src/io_source.o ./L4_IO/src/storage.o  ./L4_IO/fat/option/ccsbcs.o ./L4_IO/fat/option/reentrant.o  ./L4_IO/fat/disk/diskio.o ./L4_IO/fat/disk/sd.o ./L4_IO/fat/disk/spi_flash.o  ./L4_IO/fat/fatfs_time.o ./L4_IO/fat/ff.o  ./L3_Utils/tlm/src/c_tlm_binary.o ./L3_Utils/tlm/src/c_tlm_comp.o ./L3_Utils/tlm/src/c_tlm_stream.o ./L3_Utils/tlm/src/c_tlm_var.o  ./L3_Utils/src/c_list.o ./L3_Utils/src/command_handler.o ./L3_Utils/src/file_logger.o ./L3_Utils/src/freertos_timer.o ./L3_Utils/src/printf_lib.o ./L3_Utils/src/rtc_alarm.o ./L3_Utils/src/scheduler_task.o ./L3_Utils/src/str.o ./L3_Utils/src/utilities.o  ./L2_Drivers/src/adc.o ./L2_Drivers/src/can.o ./L2_Drivers/src/eint.o ./L2_Drivers/src/i2c2.o ./L2_Drivers/src/lpc_pwm.o ./L2_Drivers/src/lpc_rit.o ./L2_Drivers/src/lpc_timers.o ./L2_Drivers/src/nrf_stream.o ./L2_Drivers/src/rtc.o ./L2_Drivers/src/spi_dma.o ./L2_Drivers/src/spi_sem.o ./L2_Drivers/src/uart0.o ./L2_Drivers/src/uart2.o ./L2_Drivers/src/uart3.o  ./L2_Drivers/base/char_dev.o ./L2_Drivers/base/i2c_base.o ./L2_Drivers/base/uart_dev.o  ./L1_FreeRTOS/trace/run_time_counter.o ./L1_FreeRTOS/trace/trcBase.o ./L1_FreeRTOS/trace/trcHardwarePort.o ./L1_FreeRTOS/trace/trcKernel.o ./L1_FreeRTOS/trace/trcKernelPort.o ./L1_FreeRTOS/trace/trcUser.o  ./L1_FreeRTOS/src/croutine.o ./L1_FreeRTOS/src/event_groups.o ./L1_FreeRTOS/src/list.o ./L1_FreeRTOS/src/queue.o ./L1_FreeRTOS/src/tasks.o ./L1_FreeRTOS/src/timers.o  ./L1_FreeRTOS/portable/no_mpu/port.o  ./L1_FreeRTOS/portable/run_time_stats.o  ./L1_FreeRTOS/hooks/hooks.o  ./L1_FreeRTOS/MemMang/freertos_mem_man.o  ./L0_LowLevel/source/core_cm3.o ./L0_LowLevel/source/low_level_init.o ./L0_LowLevel/source/lpc_peripherals.o ./L0_LowLevel/source/lpc_sys.o ./L0_LowLevel/source/startup.o ./L0_LowLevel/source/sys_clock.o ./L0_LowLevel/source/uart0_min.o   
Finished building target: Bluetooth_Viserion.elf
 
make --no-print-directory post-build
Create binary file
arm-none-eabi-objcopy -O binary Bluetooth_Viserion.elf Bluetooth_Viserion.bin
 
Invoking: Cross ARM GNU Create Flash Image
arm-none-eabi-objcopy -O ihex "Bluetooth_Viserion.elf"  "Bluetooth_Viserion.hex"
Invoking: Cross ARM GNU Create Listing
Invoking: Cross ARM GNU Print Size
arm-none-eabi-objdump --source --all-headers --demangle --line-numbers --wide "Bluetooth_Viserion.elf" > "Bluetooth_Viserion.lst"
arm-none-eabi-size --format=berkeley "Bluetooth_Viserion.elf"
   text	   data	    bss	    dec	    hex	filename
  88736	    440	   1132	  90308	  160c4	Bluetooth_Viserion.elf
Finished building: Bluetooth_Viserion.hex
Finished building: Bluetooth_Viserion.siz
 
 
Finished building: Bluetooth_Viserion.lst
 
07:21:08 **** Incremental Build of configuration _build_with_dbc for project Bluetooth_Viserion ****
make -j4 pre-build main-build 
sh ../pre_build.sh
Building file: ../L5_Application/periodic_scheduler/receive_heartbeats.cpp
Building file: ../L5_Application/periodic_scheduler/send_bluetooth_heartbeat.cpp
 
Invoking: Cross ARM C++ Compiler
arm-none-eabi-g++ -mcpu=cortex-m3 -mthumb -Os -fmessage-length=0 -ffunction-sections -fdata-sections -Wall -Wshadow -Wlogical-op -Wfloat-equal -DBUILD_CFG_MPU=0 -I"C:\SJSU\Viserion\BT_Viserion" -I"C:\SJSU\Viserion\BT_Viserion\newlib" -I"C:\SJSU\Viserion\BT_Viserion\L0_LowLevel" -I"C:\SJSU\Viserion\BT_Viserion\L1_FreeRTOS" -I"C:\SJSU\Viserion\BT_Viserion\L1_FreeRTOS\include" -I"C:\SJSU\Viserion\BT_Viserion\L1_FreeRTOS\portable" -I"C:\SJSU\Viserion\BT_Viserion\L1_FreeRTOS\portable\no_mpu" -I"C:\SJSU\Viserion\BT_Viserion\L2_Drivers" -I"C:\SJSU\Viserion\BT_Viserion\L2_Drivers\base" -I"C:\SJSU\Viserion\BT_Viserion\L3_Utils" -I"C:\SJSU\Viserion\BT_Viserion\L3_Utils\tlm" -I"C:\SJSU\Viserion\BT_Viserion\L4_IO" -I"C:\SJSU\Viserion\BT_Viserion\L4_IO\fat" -I"C:\SJSU\Viserion\BT_Viserion\L4_IO\wireless" -I"C:\SJSU\Viserion\BT_Viserion\L5_Application" -I"C:\SJSU\Viserion\BT_Viserion\_can_dbc" -std=gnu++11 -fabi-version=0 -fno-exceptions -MMD -MP -MF"L5_Application/periodic_scheduler/receive_heartbeats.d" -MT"L5_Application/periodic_scheduler/receive_heartbeats.o" -c -o "L5_Application/periodic_scheduler/receive_heartbeats.o" "../L5_Application/periodic_scheduler/receive_heartbeats.cpp"
Invoking: Cross ARM C++ Compiler
arm-none-eabi-g++ -mcpu=cortex-m3 -mthumb -Os -fmessage-length=0 -ffunction-sections -fdata-sections -Wall -Wshadow -Wlogical-op -Wfloat-equal -DBUILD_CFG_MPU=0 -I"C:\SJSU\Viserion\BT_Viserion" -I"C:\SJSU\Viserion\BT_Viserion\newlib" -I"C:\SJSU\Viserion\BT_Viserion\L0_LowLevel" -I"C:\SJSU\Viserion\BT_Viserion\L1_FreeRTOS" -I"C:\SJSU\Viserion\BT_Viserion\L1_FreeRTOS\include" -I"C:\SJSU\Viserion\BT_Viserion\L1_FreeRTOS\portable" -I"C:\SJSU\Viserion\BT_Viserion\L1_FreeRTOS\portable\no_mpu" -I"C:\SJSU\Viserion\BT_Viserion\L2_Drivers" -I"C:\SJSU\Viserion\BT_Viserion\L2_Drivers\base" -I"C:\SJSU\Viserion\BT_Viserion\L3_Utils" -I"C:\SJSU\Viserion\BT_Viserion\L3_Utils\tlm" -I"C:\SJSU\Viserion\BT_Viserion\L4_IO" -I"C:\SJSU\Viserion\BT_Viserion\L4_IO\fat" -I"C:\SJSU\Viserion\BT_Viserion\L4_IO\wireless" -I"C:\SJSU\Viserion\BT_Viserion\L5_Application" -I"C:\SJSU\Viserion\BT_Viserion\_can_dbc" -std=gnu++11 -fabi-version=0 -fno-exceptions -MMD -MP -MF"L5_Application/periodic_scheduler/send_bluetooth_heartbeat.d" -MT"L5_Application/periodic_scheduler/send_bluetooth_heartbeat.o" -c -o "L5_Application/periodic_scheduler/send_bluetooth_heartbeat.o" "../L5_Application/periodic_scheduler/send_bluetooth_heartbeat.cpp"
Finished building: ../L5_Application/periodic_scheduler/send_bluetooth_heartbeat.cpp
Finished building: ../L5_Application/periodic_scheduler/receive_heartbeats.cpp
 
 
Building target: Bluetooth_Viserion.elf
Invoking: Cross ARM C++ Linker
arm-none-eabi-g++ -mcpu=cortex-m3 -mthumb -Os -fmessage-length=0 -ffunction-sections -fdata-sections -Wall -Wshadow -Wlogical-op -Wfloat-equal -T ../loader.ld -nostartfiles -Xlinker --gc-sections -Wl,-Map,"Bluetooth_Viserion.map" -specs=nano.specs -o "Bluetooth_Viserion.elf"  ./newlib/malloc_lock.o ./newlib/memory.o ./newlib/newlib_syscalls.o ./newlib/newlib_time.o  ./L5_Application/source/cmd_handlers/handlers.o ./L5_Application/source/cmd_handlers/prog_handlers.o ./L5_Application/source/cmd_handlers/wireless_handlers.o  ./L5_Application/source/high_level_init.o ./L5_Application/source/remote.o ./L5_Application/source/terminal.o  ./L5_Application/periodic_scheduler/period_callbacks.o ./L5_Application/periodic_scheduler/prd_monitor.o ./L5_Application/periodic_scheduler/receive_heartbeats.o ./L5_Application/periodic_scheduler/send_bluetooth_heartbeat.o  ./L5_Application/examples/examples.o ./L5_Application/examples/rn_xv_task.o  ./L5_Application/main.o  ./L4_IO/wireless/src/mesh.o ./L4_IO/wireless/src/nrf24L01Plus.o ./L4_IO/wireless/src/wireless.o  ./L4_IO/src/gpio.o ./L4_IO/src/io_source.o ./L4_IO/src/storage.o  ./L4_IO/fat/option/ccsbcs.o ./L4_IO/fat/option/reentrant.o  ./L4_IO/fat/disk/diskio.o ./L4_IO/fat/disk/sd.o ./L4_IO/fat/disk/spi_flash.o  ./L4_IO/fat/fatfs_time.o ./L4_IO/fat/ff.o  ./L3_Utils/tlm/src/c_tlm_binary.o ./L3_Utils/tlm/src/c_tlm_comp.o ./L3_Utils/tlm/src/c_tlm_stream.o ./L3_Utils/tlm/src/c_tlm_var.o  ./L3_Utils/src/c_list.o ./L3_Utils/src/command_handler.o ./L3_Utils/src/file_logger.o ./L3_Utils/src/freertos_timer.o ./L3_Utils/src/printf_lib.o ./L3_Utils/src/rtc_alarm.o ./L3_Utils/src/scheduler_task.o ./L3_Utils/src/str.o ./L3_Utils/src/utilities.o  ./L2_Drivers/src/adc.o ./L2_Drivers/src/can.o ./L2_Drivers/src/eint.o ./L2_Drivers/src/i2c2.o ./L2_Drivers/src/lpc_pwm.o ./L2_Drivers/src/lpc_rit.o ./L2_Drivers/src/lpc_timers.o ./L2_Drivers/src/nrf_stream.o ./L2_Drivers/src/rtc.o ./L2_Drivers/src/spi_dma.o ./L2_Drivers/src/spi_sem.o ./L2_Drivers/src/uart0.o ./L2_Drivers/src/uart2.o ./L2_Drivers/src/uart3.o  ./L2_Drivers/base/char_dev.o ./L2_Drivers/base/i2c_base.o ./L2_Drivers/base/uart_dev.o  ./L1_FreeRTOS/trace/run_time_counter.o ./L1_FreeRTOS/trace/trcBase.o ./L1_FreeRTOS/trace/trcHardwarePort.o ./L1_FreeRTOS/trace/trcKernel.o ./L1_FreeRTOS/trace/trcKernelPort.o ./L1_FreeRTOS/trace/trcUser.o  ./L1_FreeRTOS/src/croutine.o ./L1_FreeRTOS/src/event_groups.o ./L1_FreeRTOS/src/list.o ./L1_FreeRTOS/src/queue.o ./L1_FreeRTOS/src/tasks.o ./L1_FreeRTOS/src/timers.o  ./L1_FreeRTOS/portable/no_mpu/port.o  ./L1_FreeRTOS/portable/run_time_stats.o  ./L1_FreeRTOS/hooks/hooks.o  ./L1_FreeRTOS/MemMang/freertos_mem_man.o  ./L0_LowLevel/source/core_cm3.o ./L0_LowLevel/source/low_level_init.o ./L0_LowLevel/source/lpc_peripherals.o ./L0_LowLevel/source/lpc_sys.o ./L0_LowLevel/source/startup.o ./L0_LowLevel/source/sys_clock.o ./L0_LowLevel/source/uart0_min.o   
Finished building target: Bluetooth_Viserion.elf
 
make --no-print-directory post-build
Create binary file
arm-none-eabi-objcopy -O binary Bluetooth_Viserion.elf Bluetooth_Viserion.bin
 
Invoking: Cross ARM GNU Create Flash Image
arm-none-eabi-objcopy -O ihex "Bluetooth_Viserion.elf"  "Bluetooth_Viserion.hex"
Invoking: Cross ARM GNU Create Listing
arm-none-eabi-objdump --source --all-headers --demangle --line-numbers --wide "Bluetooth_Viserion.elf" > "Bluetooth_Viserion.lst"
Invoking: Cross ARM GNU Print Size
arm-none-eabi-size --format=berkeley "Bluetooth_Viserion.elf"
   text	   data	    bss	    dec	    hex	filename
  88736	    440	   1132	  90308	  160c4	Bluetooth_Viserion.elf
Finished building: Bluetooth_Viserion.hex
Finished building: Bluetooth_Viserion.siz
 
 
Finished building: Bluetooth_Viserion.lst
 
07:21:26 **** Incremental Build of configuration _build_with_dbc for project Bluetooth_Viserion ****
make -j4 pre-build main-build 
sh ../pre_build.sh
Building file: ../L5_Application/periodic_scheduler/receive_heartbeats.cpp
Building file: ../L5_Application/periodic_scheduler/send_bluetooth_heartbeat.cpp
 
Invoking: Cross ARM C++ Compiler
arm-none-eabi-g++ -mcpu=cortex-m3 -mthumb -Os -fmessage-length=0 -ffunction-sections -fdata-sections -Wall -Wshadow -Wlogical-op -Wfloat-equal -DBUILD_CFG_MPU=0 -I"C:\SJSU\Viserion\BT_Viserion" -I"C:\SJSU\Viserion\BT_Viserion\newlib" -I"C:\SJSU\Viserion\BT_Viserion\L0_LowLevel" -I"C:\SJSU\Viserion\BT_Viserion\L1_FreeRTOS" -I"C:\SJSU\Viserion\BT_Viserion\L1_FreeRTOS\include" -I"C:\SJSU\Viserion\BT_Viserion\L1_FreeRTOS\portable" -I"C:\SJSU\Viserion\BT_Viserion\L1_FreeRTOS\portable\no_mpu" -I"C:\SJSU\Viserion\BT_Viserion\L2_Drivers" -I"C:\SJSU\Viserion\BT_Viserion\L2_Drivers\base" -I"C:\SJSU\Viserion\BT_Viserion\L3_Utils" -I"C:\SJSU\Viserion\BT_Viserion\L3_Utils\tlm" -I"C:\SJSU\Viserion\BT_Viserion\L4_IO" -I"C:\SJSU\Viserion\BT_Viserion\L4_IO\fat" -I"C:\SJSU\Viserion\BT_Viserion\L4_IO\wireless" -I"C:\SJSU\Viserion\BT_Viserion\L5_Application" -I"C:\SJSU\Viserion\BT_Viserion\_can_dbc" -std=gnu++11 -fabi-version=0 -fno-exceptions -MMD -MP -MF"L5_Application/periodic_scheduler/receive_heartbeats.d" -MT"L5_Application/periodic_scheduler/receive_heartbeats.o" -c -o "L5_Application/periodic_scheduler/receive_heartbeats.o" "../L5_Application/periodic_scheduler/receive_heartbeats.cpp"
Invoking: Cross ARM C++ Compiler
arm-none-eabi-g++ -mcpu=cortex-m3 -mthumb -Os -fmessage-length=0 -ffunction-sections -fdata-sections -Wall -Wshadow -Wlogical-op -Wfloat-equal -DBUILD_CFG_MPU=0 -I"C:\SJSU\Viserion\BT_Viserion" -I"C:\SJSU\Viserion\BT_Viserion\newlib" -I"C:\SJSU\Viserion\BT_Viserion\L0_LowLevel" -I"C:\SJSU\Viserion\BT_Viserion\L1_FreeRTOS" -I"C:\SJSU\Viserion\BT_Viserion\L1_FreeRTOS\include" -I"C:\SJSU\Viserion\BT_Viserion\L1_FreeRTOS\portable" -I"C:\SJSU\Viserion\BT_Viserion\L1_FreeRTOS\portable\no_mpu" -I"C:\SJSU\Viserion\BT_Viserion\L2_Drivers" -I"C:\SJSU\Viserion\BT_Viserion\L2_Drivers\base" -I"C:\SJSU\Viserion\BT_Viserion\L3_Utils" -I"C:\SJSU\Viserion\BT_Viserion\L3_Utils\tlm" -I"C:\SJSU\Viserion\BT_Viserion\L4_IO" -I"C:\SJSU\Viserion\BT_Viserion\L4_IO\fat" -I"C:\SJSU\Viserion\BT_Viserion\L4_IO\wireless" -I"C:\SJSU\Viserion\BT_Viserion\L5_Application" -I"C:\SJSU\Viserion\BT_Viserion\_can_dbc" -std=gnu++11 -fabi-version=0 -fno-exceptions -MMD -MP -MF"L5_Application/periodic_scheduler/send_bluetooth_heartbeat.d" -MT"L5_Application/periodic_scheduler/send_bluetooth_heartbeat.o" -c -o "L5_Application/periodic_scheduler/send_bluetooth_heartbeat.o" "../L5_Application/periodic_scheduler/send_bluetooth_heartbeat.cpp"
../L5_Application/periodic_scheduler/receive_heartbeats.cpp:19:82: warning: large integer implicitly truncated to unsigned type [-Woverflow]
 const HB_SENSORS_t                         HB_SENSORS__MIA_MSG={.SENSOR_ALIVE = 3};
                                                                                  ^
../L5_Application/periodic_scheduler/receive_heartbeats.cpp:23:75: warning: large integer implicitly truncated to unsigned type [-Woverflow]
 const HB_GEO_t                             HB_GEO__MIA_MSG={.GEO_ALIVE = 2};
                                                                           ^
../L5_Application/periodic_scheduler/receive_heartbeats.cpp:25:81: warning: large integer implicitly truncated to unsigned type [-Woverflow]
 const HB_MASTER_t                          HB_MASTER__MIA_MSG={.MASTER_ALIVE = 4};
                                                                                 ^
Finished building: ../L5_Application/periodic_scheduler/send_bluetooth_heartbeat.cpp
 
Finished building: ../L5_Application/periodic_scheduler/receive_heartbeats.cpp
 
Building target: Bluetooth_Viserion.elf
Invoking: Cross ARM C++ Linker
arm-none-eabi-g++ -mcpu=cortex-m3 -mthumb -Os -fmessage-length=0 -ffunction-sections -fdata-sections -Wall -Wshadow -Wlogical-op -Wfloat-equal -T ../loader.ld -nostartfiles -Xlinker --gc-sections -Wl,-Map,"Bluetooth_Viserion.map" -specs=nano.specs -o "Bluetooth_Viserion.elf"  ./newlib/malloc_lock.o ./newlib/memory.o ./newlib/newlib_syscalls.o ./newlib/newlib_time.o  ./L5_Application/source/cmd_handlers/handlers.o ./L5_Application/source/cmd_handlers/prog_handlers.o ./L5_Application/source/cmd_handlers/wireless_handlers.o  ./L5_Application/source/high_level_init.o ./L5_Application/source/remote.o ./L5_Application/source/terminal.o  ./L5_Application/periodic_scheduler/period_callbacks.o ./L5_Application/periodic_scheduler/prd_monitor.o ./L5_Application/periodic_scheduler/receive_heartbeats.o ./L5_Application/periodic_scheduler/send_bluetooth_heartbeat.o  ./L5_Application/examples/examples.o ./L5_Application/examples/rn_xv_task.o  ./L5_Application/main.o  ./L4_IO/wireless/src/mesh.o ./L4_IO/wireless/src/nrf24L01Plus.o ./L4_IO/wireless/src/wireless.o  ./L4_IO/src/gpio.o ./L4_IO/src/io_source.o ./L4_IO/src/storage.o  ./L4_IO/fat/option/ccsbcs.o ./L4_IO/fat/option/reentrant.o  ./L4_IO/fat/disk/diskio.o ./L4_IO/fat/disk/sd.o ./L4_IO/fat/disk/spi_flash.o  ./L4_IO/fat/fatfs_time.o ./L4_IO/fat/ff.o  ./L3_Utils/tlm/src/c_tlm_binary.o ./L3_Utils/tlm/src/c_tlm_comp.o ./L3_Utils/tlm/src/c_tlm_stream.o ./L3_Utils/tlm/src/c_tlm_var.o  ./L3_Utils/src/c_list.o ./L3_Utils/src/command_handler.o ./L3_Utils/src/file_logger.o ./L3_Utils/src/freertos_timer.o ./L3_Utils/src/printf_lib.o ./L3_Utils/src/rtc_alarm.o ./L3_Utils/src/scheduler_task.o ./L3_Utils/src/str.o ./L3_Utils/src/utilities.o  ./L2_Drivers/src/adc.o ./L2_Drivers/src/can.o ./L2_Drivers/src/eint.o ./L2_Drivers/src/i2c2.o ./L2_Drivers/src/lpc_pwm.o ./L2_Drivers/src/lpc_rit.o ./L2_Drivers/src/lpc_timers.o ./L2_Drivers/src/nrf_stream.o ./L2_Drivers/src/rtc.o ./L2_Drivers/src/spi_dma.o ./L2_Drivers/src/spi_sem.o ./L2_Drivers/src/uart0.o ./L2_Drivers/src/uart2.o ./L2_Drivers/src/uart3.o  ./L2_Drivers/base/char_dev.o ./L2_Drivers/base/i2c_base.o ./L2_Drivers/base/uart_dev.o  ./L1_FreeRTOS/trace/run_time_counter.o ./L1_FreeRTOS/trace/trcBase.o ./L1_FreeRTOS/trace/trcHardwarePort.o ./L1_FreeRTOS/trace/trcKernel.o ./L1_FreeRTOS/trace/trcKernelPort.o ./L1_FreeRTOS/trace/trcUser.o  ./L1_FreeRTOS/src/croutine.o ./L1_FreeRTOS/src/event_groups.o ./L1_FreeRTOS/src/list.o ./L1_FreeRTOS/src/queue.o ./L1_FreeRTOS/src/tasks.o ./L1_FreeRTOS/src/timers.o  ./L1_FreeRTOS/portable/no_mpu/port.o  ./L1_FreeRTOS/portable/run_time_stats.o  ./L1_FreeRTOS/hooks/hooks.o  ./L1_FreeRTOS/MemMang/freertos_mem_man.o  ./L0_LowLevel/source/core_cm3.o ./L0_LowLevel/source/low_level_init.o ./L0_LowLevel/source/lpc_peripherals.o ./L0_LowLevel/source/lpc_sys.o ./L0_LowLevel/source/startup.o ./L0_LowLevel/source/sys_clock.o ./L0_LowLevel/source/uart0_min.o   
Finished building target: Bluetooth_Viserion.elf
 
make --no-print-directory post-build
Create binary file
arm-none-eabi-objcopy -O binary Bluetooth_Viserion.elf Bluetooth_Viserion.bin
 
Invoking: Cross ARM GNU Create Flash Image
arm-none-eabi-objcopy -O ihex "Bluetooth_Viserion.elf"  "Bluetooth_Viserion.hex"
Invoking: Cross ARM GNU Create Listing
arm-none-eabi-objdump --source --all-headers --demangle --line-numbers --wide "Bluetooth_Viserion.elf" > "Bluetooth_Viserion.lst"
Invoking: Cross ARM GNU Print Size
arm-none-eabi-size --format=berkeley "Bluetooth_Viserion.elf"
   text	   data	    bss	    dec	    hex	filename
  88736	    440	   1132	  90308	  160c4	Bluetooth_Viserion.elf
Finished building: Bluetooth_Viserion.hex
Finished building: Bluetooth_Viserion.siz
 
 
Finished building: Bluetooth_Viserion.lst
 
07:21:57 **** Incremental Build of configuration _build_with_dbc for project Bluetooth_Viserion ****
make -j4 pre-build main-build 
sh ../pre_build.sh
Building file: ../L5_Application/periodic_scheduler/receive_heartbeats.cpp
Building file: ../L5_Application/periodic_scheduler/send_bluetooth_heartbeat.cpp
 
Invoking: Cross ARM C++ Compiler
arm-none-eabi-g++ -mcpu=cortex-m3 -mthumb -Os -fmessage-length=0 -ffunction-sections -fdata-sections -Wall -Wshadow -Wlogical-op -Wfloat-equal -DBUILD_CFG_MPU=0 -I"C:\SJSU\Viserion\BT_Viserion" -I"C:\SJSU\Viserion\BT_Viserion\newlib" -I"C:\SJSU\Viserion\BT_Viserion\L0_LowLevel" -I"C:\SJSU\Viserion\BT_Viserion\L1_FreeRTOS" -I"C:\SJSU\Viserion\BT_Viserion\L1_FreeRTOS\include" -I"C:\SJSU\Viserion\BT_Viserion\L1_FreeRTOS\portable" -I"C:\SJSU\Viserion\BT_Viserion\L1_FreeRTOS\portable\no_mpu" -I"C:\SJSU\Viserion\BT_Viserion\L2_Drivers" -I"C:\SJSU\Viserion\BT_Viserion\L2_Drivers\base" -I"C:\SJSU\Viserion\BT_Viserion\L3_Utils" -I"C:\SJSU\Viserion\BT_Viserion\L3_Utils\tlm" -I"C:\SJSU\Viserion\BT_Viserion\L4_IO" -I"C:\SJSU\Viserion\BT_Viserion\L4_IO\fat" -I"C:\SJSU\Viserion\BT_Viserion\L4_IO\wireless" -I"C:\SJSU\Viserion\BT_Viserion\L5_Application" -I"C:\SJSU\Viserion\BT_Viserion\_can_dbc" -std=gnu++11 -fabi-version=0 -fno-exceptions -MMD -MP -MF"L5_Application/periodic_scheduler/receive_heartbeats.d" -MT"L5_Application/periodic_scheduler/receive_heartbeats.o" -c -o "L5_Application/periodic_scheduler/receive_heartbeats.o" "../L5_Application/periodic_scheduler/receive_heartbeats.cpp"
Invoking: Cross ARM C++ Compiler
arm-none-eabi-g++ -mcpu=cortex-m3 -mthumb -Os -fmessage-length=0 -ffunction-sections -fdata-sections -Wall -Wshadow -Wlogical-op -Wfloat-equal -DBUILD_CFG_MPU=0 -I"C:\SJSU\Viserion\BT_Viserion" -I"C:\SJSU\Viserion\BT_Viserion\newlib" -I"C:\SJSU\Viserion\BT_Viserion\L0_LowLevel" -I"C:\SJSU\Viserion\BT_Viserion\L1_FreeRTOS" -I"C:\SJSU\Viserion\BT_Viserion\L1_FreeRTOS\include" -I"C:\SJSU\Viserion\BT_Viserion\L1_FreeRTOS\portable" -I"C:\SJSU\Viserion\BT_Viserion\L1_FreeRTOS\portable\no_mpu" -I"C:\SJSU\Viserion\BT_Viserion\L2_Drivers" -I"C:\SJSU\Viserion\BT_Viserion\L2_Drivers\base" -I"C:\SJSU\Viserion\BT_Viserion\L3_Utils" -I"C:\SJSU\Viserion\BT_Viserion\L3_Utils\tlm" -I"C:\SJSU\Viserion\BT_Viserion\L4_IO" -I"C:\SJSU\Viserion\BT_Viserion\L4_IO\fat" -I"C:\SJSU\Viserion\BT_Viserion\L4_IO\wireless" -I"C:\SJSU\Viserion\BT_Viserion\L5_Application" -I"C:\SJSU\Viserion\BT_Viserion\_can_dbc" -std=gnu++11 -fabi-version=0 -fno-exceptions -MMD -MP -MF"L5_Application/periodic_scheduler/send_bluetooth_heartbeat.d" -MT"L5_Application/periodic_scheduler/send_bluetooth_heartbeat.o" -c -o "L5_Application/periodic_scheduler/send_bluetooth_heartbeat.o" "../L5_Application/periodic_scheduler/send_bluetooth_heartbeat.cpp"
../L5_Application/periodic_scheduler/receive_heartbeats.cpp:21:80: warning: large integer implicitly truncated to unsigned type [-Woverflow]
 const HB_MOTORS_t                          HB_MOTORS__MIA_MSG={.MOTOR_ALIVE = 2};
                                                                                ^
../L5_Application/periodic_scheduler/receive_heartbeats.cpp:23:75: warning: large integer implicitly truncated to unsigned type [-Woverflow]
 const HB_GEO_t                             HB_GEO__MIA_MSG={.GEO_ALIVE = 3};
                                                                           ^
../L5_Application/periodic_scheduler/receive_heartbeats.cpp:25:81: warning: large integer implicitly truncated to unsigned type [-Woverflow]
 const HB_MASTER_t                          HB_MASTER__MIA_MSG={.MASTER_ALIVE = 4};
                                                                                 ^
Finished building: ../L5_Application/periodic_scheduler/send_bluetooth_heartbeat.cpp
Finished building: ../L5_Application/periodic_scheduler/receive_heartbeats.cpp
 
 
Building target: Bluetooth_Viserion.elf
Invoking: Cross ARM C++ Linker
arm-none-eabi-g++ -mcpu=cortex-m3 -mthumb -Os -fmessage-length=0 -ffunction-sections -fdata-sections -Wall -Wshadow -Wlogical-op -Wfloat-equal -T ../loader.ld -nostartfiles -Xlinker --gc-sections -Wl,-Map,"Bluetooth_Viserion.map" -specs=nano.specs -o "Bluetooth_Viserion.elf"  ./newlib/malloc_lock.o ./newlib/memory.o ./newlib/newlib_syscalls.o ./newlib/newlib_time.o  ./L5_Application/source/cmd_handlers/handlers.o ./L5_Application/source/cmd_handlers/prog_handlers.o ./L5_Application/source/cmd_handlers/wireless_handlers.o  ./L5_Application/source/high_level_init.o ./L5_Application/source/remote.o ./L5_Application/source/terminal.o  ./L5_Application/periodic_scheduler/period_callbacks.o ./L5_Application/periodic_scheduler/prd_monitor.o ./L5_Application/periodic_scheduler/receive_heartbeats.o ./L5_Application/periodic_scheduler/send_bluetooth_heartbeat.o  ./L5_Application/examples/examples.o ./L5_Application/examples/rn_xv_task.o  ./L5_Application/main.o  ./L4_IO/wireless/src/mesh.o ./L4_IO/wireless/src/nrf24L01Plus.o ./L4_IO/wireless/src/wireless.o  ./L4_IO/src/gpio.o ./L4_IO/src/io_source.o ./L4_IO/src/storage.o  ./L4_IO/fat/option/ccsbcs.o ./L4_IO/fat/option/reentrant.o  ./L4_IO/fat/disk/diskio.o ./L4_IO/fat/disk/sd.o ./L4_IO/fat/disk/spi_flash.o  ./L4_IO/fat/fatfs_time.o ./L4_IO/fat/ff.o  ./L3_Utils/tlm/src/c_tlm_binary.o ./L3_Utils/tlm/src/c_tlm_comp.o ./L3_Utils/tlm/src/c_tlm_stream.o ./L3_Utils/tlm/src/c_tlm_var.o  ./L3_Utils/src/c_list.o ./L3_Utils/src/command_handler.o ./L3_Utils/src/file_logger.o ./L3_Utils/src/freertos_timer.o ./L3_Utils/src/printf_lib.o ./L3_Utils/src/rtc_alarm.o ./L3_Utils/src/scheduler_task.o ./L3_Utils/src/str.o ./L3_Utils/src/utilities.o  ./L2_Drivers/src/adc.o ./L2_Drivers/src/can.o ./L2_Drivers/src/eint.o ./L2_Drivers/src/i2c2.o ./L2_Drivers/src/lpc_pwm.o ./L2_Drivers/src/lpc_rit.o ./L2_Drivers/src/lpc_timers.o ./L2_Drivers/src/nrf_stream.o ./L2_Drivers/src/rtc.o ./L2_Drivers/src/spi_dma.o ./L2_Drivers/src/spi_sem.o ./L2_Drivers/src/uart0.o ./L2_Drivers/src/uart2.o ./L2_Drivers/src/uart3.o  ./L2_Drivers/base/char_dev.o ./L2_Drivers/base/i2c_base.o ./L2_Drivers/base/uart_dev.o  ./L1_FreeRTOS/trace/run_time_counter.o ./L1_FreeRTOS/trace/trcBase.o ./L1_FreeRTOS/trace/trcHardwarePort.o ./L1_FreeRTOS/trace/trcKernel.o ./L1_FreeRTOS/trace/trcKernelPort.o ./L1_FreeRTOS/trace/trcUser.o  ./L1_FreeRTOS/src/croutine.o ./L1_FreeRTOS/src/event_groups.o ./L1_FreeRTOS/src/list.o ./L1_FreeRTOS/src/queue.o ./L1_FreeRTOS/src/tasks.o ./L1_FreeRTOS/src/timers.o  ./L1_FreeRTOS/portable/no_mpu/port.o  ./L1_FreeRTOS/portable/run_time_stats.o  ./L1_FreeRTOS/hooks/hooks.o  ./L1_FreeRTOS/MemMang/freertos_mem_m
[...]
Invoking: Cross ARM C++ Compiler
arm-none-eabi-g++ -mcpu=cortex-m3 -mthumb -Os -fmessage-length=0 -ffunction-sections -fdata-sections -Wall -Wshadow -Wlogical-op -Wfloat-equal -DBUILD_CFG_MPU=0 -I"C:\SJSU\Viserion\BT_Viserion" -I"C:\SJSU\Viserion\BT_Viserion\newlib" -I"C:\SJSU\Viserion\BT_Viserion\L0_LowLevel" -I"C:\SJSU\Viserion\BT_Viserion\L1_FreeRTOS" -I"C:\SJSU\Viserion\BT_Viserion\L1_FreeRTOS\include" -I"C:\SJSU\Viserion\BT_Viserion\L1_FreeRTOS\portable" -I"C:\SJSU\Viserion\BT_Viserion\L1_FreeRTOS\portable\no_mpu" -I"C:\SJSU\Viserion\BT_Viserion\L2_Drivers" -I"C:\SJSU\Viserion\BT_Viserion\L2_Drivers\base" -I"C:\SJSU\Viserion\BT_Viserion\L3_Utils" -I"C:\SJSU\Viserion\BT_Viserion\L3_Utils\tlm" -I"C:\SJSU\Viserion\BT_Viserion\L4_IO" -I"C:\SJSU\Viserion\BT_Viserion\L4_IO\fat" -I"C:\SJSU\Viserion\BT_Viserion\L4_IO\wireless" -I"C:\SJSU\Viserion\BT_Viserion\L5_Application" -I"C:\SJSU\Viserion\BT_Viserion\_can_dbc" -std=gnu++11 -fabi-version=0 -fno-exceptions -MMD -MP -MF"L5_Application/periodic_scheduler/receive_heartbeats.d" -MT"L5_Application/periodic_scheduler/receive_heartbeats.o" -c -o "L5_Application/periodic_scheduler/receive_heartbeats.o" "../L5_Application/periodic_scheduler/receive_heartbeats.cpp"
Invoking: Cross ARM C++ Compiler
arm-none-eabi-g++ -mcpu=cortex-m3 -mthumb -Os -fmessage-length=0 -ffunction-sections -fdata-sections -Wall -Wshadow -Wlogical-op -Wfloat-equal -DBUILD_CFG_MPU=0 -I"C:\SJSU\Viserion\BT_Viserion" -I"C:\SJSU\Viserion\BT_Viserion\newlib" -I"C:\SJSU\Viserion\BT_Viserion\L0_LowLevel" -I"C:\SJSU\Viserion\BT_Viserion\L1_FreeRTOS" -I"C:\SJSU\Viserion\BT_Viserion\L1_FreeRTOS\include" -I"C:\SJSU\Viserion\BT_Viserion\L1_FreeRTOS\portable" -I"C:\SJSU\Viserion\BT_Viserion\L1_FreeRTOS\portable\no_mpu" -I"C:\SJSU\Viserion\BT_Viserion\L2_Drivers" -I"C:\SJSU\Viserion\BT_Viserion\L2_Drivers\base" -I"C:\SJSU\Viserion\BT_Viserion\L3_Utils" -I"C:\SJSU\Viserion\BT_Viserion\L3_Utils\tlm" -I"C:\SJSU\Viserion\BT_Viserion\L4_IO" -I"C:\SJSU\Viserion\BT_Viserion\L4_IO\fat" -I"C:\SJSU\Viserion\BT_Viserion\L4_IO\wireless" -I"C:\SJSU\Viserion\BT_Viserion\L5_Application" -I"C:\SJSU\Viserion\BT_Viserion\_can_dbc" -std=gnu++11 -fabi-version=0 -fno-exceptions -MMD -MP -MF"L5_Application/periodic_scheduler/send_bluetooth_heartbeat.d" -MT"L5_Application/periodic_scheduler/send_bluetooth_heartbeat.o" -c -o "L5_Application/periodic_scheduler/send_bluetooth_heartbeat.o" "../L5_Application/periodic_scheduler/send_bluetooth_heartbeat.cpp"
Finished building: ../L5_Application/periodic_scheduler/dbc_app_send_can_msg.cpp
Finished building: ../L5_Application/periodic_scheduler/send_bluetooth_heartbeat.cpp
 
 
Finished building: ../L5_Application/periodic_scheduler/receive_heartbeats.cpp
 
Building target: Bluetooth_Viserion.elf
Invoking: Cross ARM C++ Linker
arm-none-eabi-g++ -mcpu=cortex-m3 -mthumb -Os -fmessage-length=0 -ffunction-sections -fdata-sections -Wall -Wshadow -Wlogical-op -Wfloat-equal -T ../loader.ld -nostartfiles -Xlinker --gc-sections -Wl,-Map,"Bluetooth_Viserion.map" -specs=nano.specs -o "Bluetooth_Viserion.elf"  ./newlib/malloc_lock.o ./newlib/memory.o ./newlib/newlib_syscalls.o ./newlib/newlib_time.o  ./L5_Application/source/cmd_handlers/handlers.o ./L5_Application/source/cmd_handlers/prog_handlers.o ./L5_Application/source/cmd_handlers/wireless_handlers.o  ./L5_Application/source/high_level_init.o ./L5_Application/source/remote.o ./L5_Application/source/terminal.o  ./L5_Application/periodic_scheduler/dbc_app_send_can_msg.o ./L5_Application/periodic_scheduler/period_callbacks.o ./L5_Application/periodic_scheduler/prd_monitor.o ./L5_Application/periodic_scheduler/receive_heartbeats.o ./L5_Application/periodic_scheduler/send_bluetooth_heartbeat.o  ./L5_Application/examples/examples.o ./L5_Application/examples/rn_xv_task.o  ./L5_Application/main.o  ./L4_IO/wireless/src/mesh.o ./L4_IO/wireless/src/nrf24L01Plus.o ./L4_IO/wireless/src/wireless.o  ./L4_IO/src/gpio.o ./L4_IO/src/io_source.o ./L4_IO/src/storage.o  ./L4_IO/fat/option/ccsbcs.o ./L4_IO/fat/option/reentrant.o  ./L4_IO/fat/disk/diskio.o ./L4_IO/fat/disk/sd.o ./L4_IO/fat/disk/spi_flash.o  ./L4_IO/fat/fatfs_time.o ./L4_IO/fat/ff.o  ./L3_Utils/tlm/src/c_tlm_binary.o ./L3_Utils/tlm/src/c_tlm_comp.o ./L3_Utils/tlm/src/c_tlm_stream.o ./L3_Utils/tlm/src/c_tlm_var.o  ./L3_Utils/src/c_list.o ./L3_Utils/src/command_handler.o ./L3_Utils/src/file_logger.o ./L3_Utils/src/freertos_timer.o ./L3_Utils/src/printf_lib.o ./L3_Utils/src/rtc_alarm.o ./L3_Utils/src/scheduler_task.o ./L3_Utils/src/str.o ./L3_Utils/src/utilities.o  ./L2_Drivers/src/adc.o ./L2_Drivers/src/can.o ./L2_Drivers/src/eint.o ./L2_Drivers/src/i2c2.o ./L2_Drivers/src/lpc_pwm.o ./L2_Drivers/src/lpc_rit.o ./L2_Drivers/src/lpc_timers.o ./L2_Drivers/src/nrf_stream.o ./L2_Drivers/src/rtc.o ./L2_Drivers/src/spi_dma.o ./L2_Drivers/src/spi_sem.o ./L2_Drivers/src/uart0.o ./L2_Drivers/src/uart2.o ./L2_Drivers/src/uart3.o  ./L2_Drivers/base/char_dev.o ./L2_Drivers/base/i2c_base.o ./L2_Drivers/base/uart_dev.o  ./L1_FreeRTOS/trace/run_time_counter.o ./L1_FreeRTOS/trace/trcBase.o ./L1_FreeRTOS/trace/trcHardwarePort.o ./L1_FreeRTOS/trace/trcKernel.o ./L1_FreeRTOS/trace/trcKernelPort.o ./L1_FreeRTOS/trace/trcUser.o  ./L1_FreeRTOS/src/croutine.o ./L1_FreeRTOS/src/event_groups.o ./L1_FreeRTOS/src/list.o ./L1_FreeRTOS/src/queue.o ./L1_FreeRTOS/src/tasks.o ./L1_FreeRTOS/src/timers.o  ./L1_FreeRTOS/portable/no_mpu/port.o  ./L1_FreeRTOS/portable/run_time_stats.o  ./L1_FreeRTOS/hooks/hooks.o  ./L1_FreeRTOS/MemMang/freertos_mem_man.o  ./L0_LowLevel/source/core_cm3.o ./L0_LowLevel/source/low_level_init.o ./L0_LowLevel/source/lpc_peripherals.o ./L0_LowLevel/source/lpc_sys.o ./L0_LowLevel/source/startup.o ./L0_LowLevel/source/sys_clock.o ./L0_LowLevel/source/uart0_min.o   
Finished building target: Bluetooth_Viserion.elf
 
make --no-print-directory post-build
Create binary file
arm-none-eabi-objcopy -O binary Bluetooth_Viserion.elf Bluetooth_Viserion.bin
 
Invoking: Cross ARM GNU Create Flash Image
arm-none-eabi-objcopy -O ihex "Bluetooth_Viserion.elf"  "Bluetooth_Viserion.hex"
Invoking: Cross ARM GNU Create Listing
arm-none-eabi-objdump --source --all-headers --demangle --line-numbers --wide "Bluetooth_Viserion.elf" > "Bluetooth_Viserion.lst"
Invoking: Cross ARM GNU Print Size
arm-none-eabi-size --format=berkeley "Bluetooth_Viserion.elf"
   text	   data	    bss	    dec	    hex	filename
  88736	    440	   1132	  90308	  160c4	Bluetooth_Viserion.elf
Finished building: Bluetooth_Viserion.hex
Finished building: Bluetooth_Viserion.siz
 
 
Finished building: Bluetooth_Viserion.lst
 
07:40:02 **** Incremental Build of configuration _build_with_dbc for project Bluetooth_Viserion ****
make -j4 pre-build main-build 
sh ../pre_build.sh
Building file: ../L5_Application/periodic_scheduler/period_callbacks.cpp
Building file: ../L5_Application/periodic_scheduler/receive_heartbeats.cpp
Building file: ../L5_Application/periodic_scheduler/send_bluetooth_heartbeat.cpp
 
Invoking: Cross ARM C++ Compiler
arm-none-eabi-g++ -mcpu=cortex-m3 -mthumb -Os -fmessage-length=0 -ffunction-sections -fdata-sections -Wall -Wshadow -Wlogical-op -Wfloat-equal -DBUILD_CFG_MPU=0 -I"C:\SJSU\Viserion\BT_Viserion" -I"C:\SJSU\Viserion\BT_Viserion\newlib" -I"C:\SJSU\Viserion\BT_Viserion\L0_LowLevel" -I"C:\SJSU\Viserion\BT_Viserion\L1_FreeRTOS" -I"C:\SJSU\Viserion\BT_Viserion\L1_FreeRTOS\include" -I"C:\SJSU\Viserion\BT_Viserion\L1_FreeRTOS\portable" -I"C:\SJSU\Viserion\BT_Viserion\L1_FreeRTOS\portable\no_mpu" -I"C:\SJSU\Viserion\BT_Viserion\L2_Drivers" -I"C:\SJSU\Viserion\BT_Viserion\L2_Drivers\base" -I"C:\SJSU\Viserion\BT_Viserion\L3_Utils" -I"C:\SJSU\Viserion\BT_Viserion\L3_Utils\tlm" -I"C:\SJSU\Viserion\BT_Viserion\L4_IO" -I"C:\SJSU\Viserion\BT_Viserion\L4_IO\fat" -I"C:\SJSU\Viserion\BT_Viserion\L4_IO\wireless" -I"C:\SJSU\Viserion\BT_Viserion\L5_Application" -I"C:\SJSU\Viserion\BT_Viserion\_can_dbc" -std=gnu++11 -fabi-version=0 -fno-exceptions -MMD -MP -MF"L5_Application/periodic_scheduler/period_callbacks.d" -MT"L5_Application/periodic_scheduler/period_callbacks.o" -c -o "L5_Application/periodic_scheduler/period_callbacks.o" "../L5_Application/periodic_scheduler/period_callbacks.cpp"
Invoking: Cross ARM C++ Compiler
arm-none-eabi-g++ -mcpu=cortex-m3 -mthumb -Os -fmessage-length=0 -ffunction-sections -fdata-sections -Wall -Wshadow -Wlogical-op -Wfloat-equal -DBUILD_CFG_MPU=0 -I"C:\SJSU\Viserion\BT_Viserion" -I"C:\SJSU\Viserion\BT_Viserion\newlib" -I"C:\SJSU\Viserion\BT_Viserion\L0_LowLevel" -I"C:\SJSU\Viserion\BT_Viserion\L1_FreeRTOS" -I"C:\SJSU\Viserion\BT_Viserion\L1_FreeRTOS\include" -I"C:\SJSU\Viserion\BT_Viserion\L1_FreeRTOS\portable" -I"C:\SJSU\Viserion\BT_Viserion\L1_FreeRTOS\portable\no_mpu" -I"C:\SJSU\Viserion\BT_Viserion\L2_Drivers" -I"C:\SJSU\Viserion\BT_Viserion\L2_Drivers\base" -I"C:\SJSU\Viserion\BT_Viserion\L3_Utils" -I"C:\SJSU\Viserion\BT_Viserion\L3_Utils\tlm" -I"C:\SJSU\Viserion\BT_Viserion\L4_IO" -I"C:\SJSU\Viserion\BT_Viserion\L4_IO\fat" -I"C:\SJSU\Viserion\BT_Viserion\L4_IO\wireless" -I"C:\SJSU\Viserion\BT_Viserion\L5_Application" -I"C:\SJSU\Viserion\BT_Viserion\_can_dbc" -std=gnu++11 -fabi-version=0 -fno-exceptions -MMD -MP -MF"L5_Application/periodic_scheduler/receive_heartbeats.d" -MT"L5_Application/periodic_scheduler/receive_heartbeats.o" -c -o "L5_Application/periodic_scheduler/receive_heartbeats.o" "../L5_Application/periodic_scheduler/receive_heartbeats.cpp"
Invoking: Cross ARM C++ Compiler
arm-none-eabi-g++ -mcpu=cortex-m3 -mthumb -Os -fmessage-length=0 -ffunction-sections -fdata-sections -Wall -Wshadow -Wlogical-op -Wfloat-equal -DBUILD_CFG_MPU=0 -I"C:\SJSU\Viserion\BT_Viserion" -I"C:\SJSU\Viserion\BT_Viserion\newlib" -I"C:\SJSU\Viserion\BT_Viserion\L0_LowLevel" -I"C:\SJSU\Viserion\BT_Viserion\L1_FreeRTOS" -I"C:\SJSU\Viserion\BT_Viserion\L1_FreeRTOS\include" -I"C:\SJSU\Viserion\BT_Viserion\L1_FreeRTOS\portable" -I"C:\SJSU\Viserion\BT_Viserion\L1_FreeRTOS\portable\no_mpu" -I"C:\SJSU\Viserion\BT_Viserion\L2_Drivers" -I"C:\SJSU\Viserion\BT_Viserion\L2_Drivers\base" -I"C:\SJSU\Viserion\BT_Viserion\L3_Utils" -I"C:\SJSU\Viserion\BT_Viserion\L3_Utils\tlm" -I"C:\SJSU\Viserion\BT_Viserion\L4_IO" -I"C:\SJSU\Viserion\BT_Viserion\L4_IO\fat" -I"C:\SJSU\Viserion\BT_Viserion\L4_IO\wireless" -I"C:\SJSU\Viserion\BT_Viserion\L5_Application" -I"C:\SJSU\Viserion\BT_Viserion\_can_dbc" -std=gnu++11 -fabi-version=0 -fno-exceptions -MMD -MP -MF"L5_Application/periodic_scheduler/send_bluetooth_heartbeat.d" -MT"L5_Application/periodic_scheduler/send_bluetooth_heartbeat.o" -c -o "L5_Application/periodic_scheduler/send_bluetooth_heartbeat.o" "../L5_Application/periodic_scheduler/send_bluetooth_heartbeat.cpp"
../L5_Application/periodic_scheduler/period_callbacks.cpp: In function 'void period_1Hz(uint32_t)':
../L5_Application/periodic_scheduler/period_callbacks.cpp:82:27: error: 'send_sensor_hartbeat' was not declared in this scope
      send_sensor_hartbeat();
                           ^
../L5_Application/periodic_scheduler/period_callbacks.cpp: In function 'void period_10Hz(uint32_t)':
../L5_Application/periodic_scheduler/period_callbacks.cpp:88:20: error: 'receive_hartbeats' was not declared in this scope
  receive_hartbeats();
                    ^
make: *** [L5_Application/periodic_scheduler/period_callbacks.o] Error 1
make: *** Waiting for unfinished jobs....
Finished building: ../L5_Application/periodic_scheduler/send_bluetooth_heartbeat.cpp
Finished building: ../L5_Application/periodic_scheduler/receive_heartbeats.cpp
 
 
07:41:10 **** Incremental Build of configuration _build_with_dbc for project Bluetooth_Viserion ****
make -j4 pre-build main-build 
sh ../pre_build.sh
Building file: ../L5_Application/periodic_scheduler/period_callbacks.cpp
Building file: ../L5_Application/periodic_scheduler/receive_heartbeats.cpp
Building file: ../L5_Application/periodic_scheduler/send_bluetooth_heartbeat.cpp
 
Invoking: Cross ARM C++ Compiler
arm-none-eabi-g++ -mcpu=cortex-m3 -mthumb -Os -fmessage-length=0 -ffunction-sections -fdata-sections -Wall -Wshadow -Wlogical-op -Wfloat-equal -DBUILD_CFG_MPU=0 -I"C:\SJSU\Viserion\BT_Viserion" -I"C:\SJSU\Viserion\BT_Viserion\newlib" -I"C:\SJSU\Viserion\BT_Viserion\L0_LowLevel" -I"C:\SJSU\Viserion\BT_Viserion\L1_FreeRTOS" -I"C:\SJSU\Viserion\BT_Viserion\L1_FreeRTOS\include" -I"C:\SJSU\Viserion\BT_Viserion\L1_FreeRTOS\portable" -I"C:\SJSU\Viserion\BT_Viserion\L1_FreeRTOS\portable\no_mpu" -I"C:\SJSU\Viserion\BT_Viserion\L2_Drivers" -I"C:\SJSU\Viserion\BT_Viserion\L2_Drivers\base" -I"C:\SJSU\Viserion\BT_Viserion\L3_Utils" -I"C:\SJSU\Viserion\BT_Viserion\L3_Utils\tlm" -I"C:\SJSU\Viserion\BT_Viserion\L4_IO" -I"C:\SJSU\Viserion\BT_Viserion\L4_IO\fat" -I"C:\SJSU\Viserion\BT_Viserion\L4_IO\wireless" -I"C:\SJSU\Viserion\BT_Viserion\L5_Application" -I"C:\SJSU\Viserion\BT_Viserion\_can_dbc" -std=gnu++11 -fabi-version=0 -fno-exceptions -MMD -MP -MF"L5_Application/periodic_scheduler/period_callbacks.d" -MT"L5_Application/periodic_scheduler/period_callbacks.o" -c -o "L5_Application/periodic_scheduler/period_callbacks.o" "../L5_Application/periodic_scheduler/period_callbacks.cpp"
Invoking: Cross ARM C++ Compiler
arm-none-eabi-g++ -mcpu=cortex-m3 -mthumb -Os -fmessage-length=0 -ffunction-sections -fdata-sections -Wall -Wshadow -Wlogical-op -Wfloat-equal -DBUILD_CFG_MPU=0 -I"C:\SJSU\Viserion\BT_Viserion" -I"C:\SJSU\Viserion\BT_Viserion\newlib" -I"C:\SJSU\Viserion\BT_Viserion\L0_LowLevel" -I"C:\SJSU\Viserion\BT_Viserion\L1_FreeRTOS" -I"C:\SJSU\Viserion\BT_Viserion\L1_FreeRTOS\include" -I"C:\SJSU\Viserion\BT_Viserion\L1_FreeRTOS\portable" -I"C:\SJSU\Viserion\BT_Viserion\L1_FreeRTOS\portable\no_mpu" -I"C:\SJSU\Viserion\BT_Viserion\L2_Drivers" -I"C:\SJSU\Viserion\BT_Viserion\L2_Drivers\base" -I"C:\SJSU\Viserion\BT_Viserion\L3_Utils" -I"C:\SJSU\Viserion\BT_Viserion\L3_Utils\tlm" -I"C:\SJSU\Viserion\BT_Viserion\L4_IO" -I"C:\SJSU\Viserion\BT_Viserion\L4_IO\fat" -I"C:\SJSU\Viserion\BT_Viserion\L4_IO\wireless" -I"C:\SJSU\Viserion\BT_Viserion\L5_Application" -I"C:\SJSU\Viserion\BT_Viserion\_can_dbc" -std=gnu++11 -fabi-version=0 -fno-exceptions -MMD -MP -MF"L5_Application/periodic_scheduler/receive_heartbeats.d" -MT"L5_Application/periodic_scheduler/receive_heartbeats.o" -c -o "L5_Application/periodic_scheduler/receive_heartbeats.o" "../L5_Application/periodic_scheduler/receive_heartbeats.cpp"
Invoking: Cross ARM C++ Compiler
arm-none-eabi-g++ -mcpu=cortex-m3 -mthumb -Os -fmessage-length=0 -ffunction-sections -fdata-sections -Wall -Wshadow -Wlogical-op -Wfloat-equal -DBUILD_CFG_MPU=0 -I"C:\SJSU\Viserion\BT_Viserion" -I"C:\SJSU\Viserion\BT_Viserion\newlib" -I"C:\SJSU\Viserion\BT_Viserion\L0_LowLevel" -I"C:\SJSU\Viserion\BT_Viserion\L1_FreeRTOS" -I"C:\SJSU\Viserion\BT_Viserion\L1_FreeRTOS\include" -I"C:\SJSU\Viserion\BT_Viserion\L1_FreeRTOS\portable" -I"C:\SJSU\Viserion\BT_Viserion\L1_FreeRTOS\portable\no_mpu" -I"C:\SJSU\Viserion\BT_Viserion\L2_Drivers" -I"C:\SJSU\Viserion\BT_Viserion\L2_Drivers\base" -I"C:\SJSU\Viserion\BT_Viserion\L3_Utils" -I"C:\SJSU\Viserion\BT_Viserion\L3_Utils\tlm" -I"C:\SJSU\Viserion\BT_Viserion\L4_IO" -I"C:\SJSU\Viserion\BT_Viserion\L4_IO\fat" -I"C:\SJSU\Viserion\BT_Viserion\L4_IO\wireless" -I"C:\SJSU\Viserion\BT_Viserion\L5_Application" -I"C:\SJSU\Viserion\BT_Viserion\_can_dbc" -std=gnu++11 -fabi-version=0 -fno-exceptions -MMD -MP -MF"L5_Application/periodic_scheduler/send_bluetooth_heartbeat.d" -MT"L5_Application/periodic_scheduler/send_bluetooth_heartbeat.o" -c -o "L5_Application/periodic_scheduler/send_bluetooth_heartbeat.o" "../L5_Application/periodic_scheduler/send_bluetooth_heartbeat.cpp"
Finished building: ../L5_Application/periodic_scheduler/period_callbacks.cpp
Finished building: ../L5_Application/periodic_scheduler/send_bluetooth_heartbeat.cpp
Finished building: ../L5_Application/periodic_scheduler/receive_heartbeats.cpp
 
 
 
Building target: Bluetooth_Viserion.elf
Invoking: Cross ARM C++ Linker
arm-none-eabi-g++ -mcpu=cortex-m3 -mthumb -Os -fmessage-length=0 -ffunction-sections -fdata-sections -Wall -Wshadow -Wlogical-op -Wfloat-equal -T ../loader.ld -nostartfiles -Xlinker --gc-sections -Wl,-Map,"Bluetooth_Viserion.map" -specs=nano.specs -o "Bluetooth_Viserion.elf"  ./newlib/malloc_lock.o ./newlib/memory.o ./newlib/newlib_syscalls.o ./newlib/newlib_time.o  ./L5_Application/source/cmd_handlers/handlers.o ./L5_Application/source/cmd_handlers/prog_handlers.o ./L5_Application/source/cmd_handlers/wireless_handlers.o  ./L5_Application/source/high_level_init.o ./L5_Application/source/remote.o ./L5_Application/source/terminal.o  ./L5_Application/periodic_scheduler/dbc_app_send_can_msg.o ./L5_Application/periodic_scheduler/period_callbacks.o ./L5_Application/periodic_scheduler/prd_monitor.o ./L5_Application/periodic_scheduler/receive_heartbeats.o ./L5_Application/periodic_scheduler/send_bluetooth_heartbeat.o  ./L5_Application/examples/examples.o ./L5_Application/examples/rn_xv_task.o  ./L5_Application/main.o  ./L4_IO/wireless/src/mesh.o ./L4_IO/wireless/src/nrf24L01Plus.o ./L4_IO/wireless/src/wireless.o  ./L4_IO/src/gpio.o ./L4_IO/src/io_source.o ./L4_IO/src/storage.o  ./L4_IO/fat/option/ccsbcs.o ./L4_IO/fat/option/reentrant.o  ./L4_IO/fat/disk/diskio.o ./L4_IO/fat/disk/sd.o ./L4_IO/fat/disk/spi_flash.o  ./L4_IO/fat/fatfs_time.o ./L4_IO/fat/ff.o  ./L3_Utils/tlm/src/c_tlm_binary.o ./L3_Utils/tlm/src/c_tlm_comp.o ./L3_Utils/tlm/src/c_tlm_stream.o ./L3_Utils/tlm/src/c_tlm_var.o  ./L3_Utils/src/c_list.o ./L3_Utils/src/command_handler.o ./L3_Utils/src/file_logger.o ./L3_Utils/src/freertos_timer.o ./L3_Utils/src/printf_lib.o ./L3_Utils/src/rtc_alarm.o ./L3_Utils/src/scheduler_task.o ./L3_Utils/src/str.o ./L3_Utils/src/utilities.o  ./L2_Drivers/src/adc.o ./L2_Drivers/src/can.o ./L2_Drivers/src/eint.o ./L2_Drivers/src/i2c2.o ./L2_Drivers/src/lpc_pwm.o ./L2_Drivers/src/lpc_rit.o ./L2_Drivers/src/lpc_timers.o ./L2_Drivers/src/nrf_stream.o ./L2_Drivers/src/rtc.o ./L2_Drivers/src/spi_dma.o ./L2_Drivers/src/spi_sem.o ./L2_Drivers/src/uart0.o ./L2_Drivers/src/uart2.o ./L2_Drivers/src/uart3.o  ./L2_Drivers/base/char_dev.o ./L2_Drivers/base/i2c_base.o ./L2_Drivers/base/uart_dev.o  ./L1_FreeRTOS/trace/run_time_counter.o ./L1_FreeRTOS/trace/trcBase.o ./L1_FreeRTOS/trace/trcHardwarePort.o ./L1_FreeRTOS/trace/trcKernel.o ./L1_FreeRTOS/trace/trcKernelPort.o ./L1_FreeRTOS/trace/trcUser.o  ./L1_FreeRTOS/src/croutine.o ./L1_FreeRTOS/src/event_groups.o ./L1_FreeRTOS/src/list.o ./L1_FreeRTOS/src/queue.o ./L1_FreeRTOS/src/tasks.o ./L1_FreeRTOS/src/timers.o  ./L1_FreeRTOS/portable/no_mpu/port.o  ./L1_FreeRTOS/portable/run_time_stats.o  ./L1_FreeRTOS/hooks/hooks.o  ./L1_FreeRTOS/MemMang/freertos_mem_man.o  ./L0_LowLevel/source/core_cm3.o ./L0_LowLevel/source/low_level_init.o ./L0_LowLevel/source/lpc_peripherals.o ./L0_LowLevel/source/lpc_sys.o ./L0_LowLevel/source/startup.o ./L0_LowLevel/source/sys_clock.o ./L0_LowLevel/source/uart0_min.o   
Finished building target: Bluetooth_Viserion.elf
 
make --no-print-directory post-build
Create binary file
arm-none-eabi-objcopy -O binary Bluetooth_Viserion.elf Bluetooth_Viserion.bin
 
Invoking: Cross ARM GNU Create Flash Image
arm-none-eabi-objcopy -O ihex "Bluetooth_Viserion.elf"  "Bluetooth_Viserion.hex"
Invoking: Cross ARM GNU Create Listing
arm-none-eabi-objdump --source --all-headers --demangle --line-numbers --wide "Bluetooth_Viserion.elf" > "Bluetooth_Viserion.lst"
Invoking: Cross ARM GNU Print Size
arm-none-eabi-size --format=berkeley "Bluetooth_Viserion.elf"
   text	   data	    bss	    dec	    hex	filename
  88736	    440	   1132	  90308	  160c4	Bluetooth_Viserion.elf
Finished building: Bluetooth_Viserion.hex
Finished building: Bluetooth_Viserion.siz
 
 
Finished building: Bluetooth_Viserion.lst
 
